Archive member included to satisfy reference by file (symbol)

c:/st/stm32cubeide_1.7.0/stm32cubeide/plugins/com.st.stm32cube.ide.mcu.externaltools.gnu-tools-for-stm32.9-2020-q2-update.win32_2.0.0.202105311346/tools/bin/../lib/gcc/arm-none-eabi/9.3.1/../../../../arm-none-eabi/lib/thumb/v7e-m+fp/hard\libc_nano.a(lib_a-errno.o)
                              ./Core/Src/syscalls.o (__errno)
c:/st/stm32cubeide_1.7.0/stm32cubeide/plugins/com.st.stm32cube.ide.mcu.externaltools.gnu-tools-for-stm32.9-2020-q2-update.win32_2.0.0.202105311346/tools/bin/../lib/gcc/arm-none-eabi/9.3.1/../../../../arm-none-eabi/lib/thumb/v7e-m+fp/hard\libc_nano.a(lib_a-exit.o)
                              c:/st/stm32cubeide_1.7.0/stm32cubeide/plugins/com.st.stm32cube.ide.mcu.externaltools.gnu-tools-for-stm32.9-2020-q2-update.win32_2.0.0.202105311346/tools/bin/../lib/gcc/arm-none-eabi/9.3.1/../../../../arm-none-eabi/lib/thumb/v7e-m+fp/hard/crt0.o (exit)
c:/st/stm32cubeide_1.7.0/stm32cubeide/plugins/com.st.stm32cube.ide.mcu.externaltools.gnu-tools-for-stm32.9-2020-q2-update.win32_2.0.0.202105311346/tools/bin/../lib/gcc/arm-none-eabi/9.3.1/../../../../arm-none-eabi/lib/thumb/v7e-m+fp/hard\libc_nano.a(lib_a-impure.o)
                              c:/st/stm32cubeide_1.7.0/stm32cubeide/plugins/com.st.stm32cube.ide.mcu.externaltools.gnu-tools-for-stm32.9-2020-q2-update.win32_2.0.0.202105311346/tools/bin/../lib/gcc/arm-none-eabi/9.3.1/../../../../arm-none-eabi/lib/thumb/v7e-m+fp/hard\libc_nano.a(lib_a-exit.o) (_global_impure_ptr)
c:/st/stm32cubeide_1.7.0/stm32cubeide/plugins/com.st.stm32cube.ide.mcu.externaltools.gnu-tools-for-stm32.9-2020-q2-update.win32_2.0.0.202105311346/tools/bin/../lib/gcc/arm-none-eabi/9.3.1/../../../../arm-none-eabi/lib/thumb/v7e-m+fp/hard\libc_nano.a(lib_a-init.o)
                              c:/st/stm32cubeide_1.7.0/stm32cubeide/plugins/com.st.stm32cube.ide.mcu.externaltools.gnu-tools-for-stm32.9-2020-q2-update.win32_2.0.0.202105311346/tools/bin/../lib/gcc/arm-none-eabi/9.3.1/../../../../arm-none-eabi/lib/thumb/v7e-m+fp/hard/crt0.o (__libc_init_array)
c:/st/stm32cubeide_1.7.0/stm32cubeide/plugins/com.st.stm32cube.ide.mcu.externaltools.gnu-tools-for-stm32.9-2020-q2-update.win32_2.0.0.202105311346/tools/bin/../lib/gcc/arm-none-eabi/9.3.1/../../../../arm-none-eabi/lib/thumb/v7e-m+fp/hard\libc_nano.a(lib_a-memcpy-stub.o)
                              ./Drivers/STM32H7xx_HAL_Driver/stm32h7xx_hal_fdcan.o (memcpy)
c:/st/stm32cubeide_1.7.0/stm32cubeide/plugins/com.st.stm32cube.ide.mcu.externaltools.gnu-tools-for-stm32.9-2020-q2-update.win32_2.0.0.202105311346/tools/bin/../lib/gcc/arm-none-eabi/9.3.1/../../../../arm-none-eabi/lib/thumb/v7e-m+fp/hard\libc_nano.a(lib_a-memset.o)
                              c:/st/stm32cubeide_1.7.0/stm32cubeide/plugins/com.st.stm32cube.ide.mcu.externaltools.gnu-tools-for-stm32.9-2020-q2-update.win32_2.0.0.202105311346/tools/bin/../lib/gcc/arm-none-eabi/9.3.1/../../../../arm-none-eabi/lib/thumb/v7e-m+fp/hard/crt0.o (memset)

Allocating common symbols
Common symbol       size              file

hsai_BlockB2        0x98              ./Core/Src/main.o
hsai_BlockA2        0x98              ./Core/Src/main.o
hpcd_USB_OTG_FS     0x408             ./Core/Src/main.o
hmmc1               0x274             ./Core/Src/main.o
uwTick              0x4               ./Drivers/STM32H7xx_HAL_Driver/stm32h7xx_hal.o
pFlash              0x1c              ./Drivers/STM32H7xx_HAL_Driver/stm32h7xx_hal_flash.o
hltdc               0xa8              ./Core/Src/main.o
hfdcan1             0xa0              ./Core/Src/main.o
hsdram1             0x34              ./Core/Src/main.o
heth                0x88              ./Core/Src/main.o
TxConfig            0x34              ./Core/Src/main.o
hfdcan2             0xa0              ./Core/Src/main.o

Discarded input sections

 .text          0x0000000000000000        0x0 c:/st/stm32cubeide_1.7.0/stm32cubeide/plugins/com.st.stm32cube.ide.mcu.externaltools.gnu-tools-for-stm32.9-2020-q2-update.win32_2.0.0.202105311346/tools/bin/../lib/gcc/arm-none-eabi/9.3.1/thumb/v7e-m+fp/hard/crti.o
 .data          0x0000000000000000        0x0 c:/st/stm32cubeide_1.7.0/stm32cubeide/plugins/com.st.stm32cube.ide.mcu.externaltools.gnu-tools-for-stm32.9-2020-q2-update.win32_2.0.0.202105311346/tools/bin/../lib/gcc/arm-none-eabi/9.3.1/thumb/v7e-m+fp/hard/crti.o
 .bss           0x0000000000000000        0x0 c:/st/stm32cubeide_1.7.0/stm32cubeide/plugins/com.st.stm32cube.ide.mcu.externaltools.gnu-tools-for-stm32.9-2020-q2-update.win32_2.0.0.202105311346/tools/bin/../lib/gcc/arm-none-eabi/9.3.1/thumb/v7e-m+fp/hard/crti.o
 .data          0x0000000000000000        0x4 c:/st/stm32cubeide_1.7.0/stm32cubeide/plugins/com.st.stm32cube.ide.mcu.externaltools.gnu-tools-for-stm32.9-2020-q2-update.win32_2.0.0.202105311346/tools/bin/../lib/gcc/arm-none-eabi/9.3.1/thumb/v7e-m+fp/hard/crtbegin.o
[...]
Memory Configuration

Name             Origin             Length             Attributes
FLASH            0x0000000008100000 0x0000000000100000 xr
RAM              0x0000000010000000 0x0000000000048000 xrw
*default*        0x0000000000000000 0xffffffffffffffff

Linker script and memory map

LOAD c:/st/stm32cubeide_1.7.0/stm32cubeide/plugins/com.st.stm32cube.ide.mcu.externaltools.gnu-tools-for-stm32.9-2020-q2-update.win32_2.0.0.202105311346/tools/bin/../lib/gcc/arm-none-eabi/9.3.1/thumb/v7e-m+fp/hard/crti.o
LOAD c:/st/stm32cubeide_1.7.0/stm32cubeide/plugins/com.st.stm32cube.ide.mcu.externaltools.gnu-tools-for-stm32.9-2020-q2-update.win32_2.0.0.202105311346/tools/bin/../lib/gcc/arm-none-eabi/9.3.1/thumb/v7e-m+fp/hard/crtbegin.o
LOAD c:/st/stm32cubeide_1.7.0/stm32cubeide/plugins/com.st.stm32cube.ide.mcu.externaltools.gnu-tools-for-stm32.9-2020-q2-update.win32_2.0.0.202105311346/tools/bin/../lib/gcc/arm-none-eabi/9.3.1/../../../../arm-none-eabi/lib/thumb/v7e-m+fp/hard/crt0.o
LOAD ./Common/Src/system_stm32h7xx_dualcore_boot_cm4_cm7.o
LOAD ./Core/Src/main.o
LOAD ./Core/Src/stm32h7xx_hal_msp.o
LOAD ./Core/Src/stm32h7xx_it.o
LOAD ./Core/Src/syscalls.o
LOAD ./Core/Src/sysmem.o
LOAD ./Core/Startup/startup_stm32h745xihx.o
LOAD ./Drivers/STM32H7xx_HAL_Driver/stm32h7xx_hal.o
LOAD ./Drivers/STM32H7xx_HAL_Driver/stm32h7xx_hal_cortex.o
LOAD ./Drivers/STM32H7xx_HAL_Driver/stm32h7xx_hal_dma.o
LOAD ./Drivers/STM32H7xx_HAL_Driver/stm32h7xx_hal_dma_ex.o
LOAD ./Drivers/STM32H7xx_HAL_Driver/stm32h7xx_hal_eth.o
LOAD ./Drivers/STM32H7xx_HAL_Driver/stm32h7xx_hal_eth_ex.o
LOAD ./Drivers/STM32H7xx_HAL_Driver/stm32h7xx_hal_exti.o
LOAD ./Drivers/STM32H7xx_HAL_Driver/stm32h7xx_hal_fdcan.o
LOAD ./Drivers/STM32H7xx_HAL_Driver/stm32h7xx_hal_flash.o
LOAD ./Drivers/STM32H7xx_HAL_Driver/stm32h7xx_hal_flash_ex.o
LOAD ./Drivers/STM32H7xx_HAL_Driver/stm32h7xx_hal_gpio.o
LOAD ./Drivers/STM32H7xx_HAL_Driver/stm32h7xx_hal_hsem.o
LOAD ./Drivers/STM32H7xx_HAL_Driver/stm32h7xx_hal_i2c.o
LOAD ./Drivers/STM32H7xx_HAL_Driver/stm32h7xx_hal_i2c_ex.o
LOAD ./Drivers/STM32H7xx_HAL_Driver/stm32h7xx_hal_ltdc.o
LOAD ./Drivers/STM32H7xx_HAL_Driver/stm32h7xx_hal_ltdc_ex.o
LOAD ./Drivers/STM32H7xx_HAL_Driver/stm32h7xx_hal_mdma.o
LOAD ./Drivers/STM32H7xx_HAL_Driver/stm32h7xx_hal_mmc.o
LOAD ./Drivers/STM32H7xx_HAL_Driver/stm32h7xx_hal_mmc_ex.o
LOAD ./Drivers/STM32H7xx_HAL_Driver/stm32h7xx_hal_pcd.o
LOAD ./Drivers/STM32H7xx_HAL_Driver/stm32h7xx_hal_pcd_ex.o
LOAD ./Drivers/STM32H7xx_HAL_Driver/stm32h7xx_hal_pwr.o
LOAD ./Drivers/STM32H7xx_HAL_Driver/stm32h7xx_hal_pwr_ex.o
LOAD ./Drivers/STM32H7xx_HAL_Driver/stm32h7xx_hal_rcc.o
LOAD ./Drivers/STM32H7xx_HAL_Driver/stm32h7xx_hal_rcc_ex.o
LOAD ./Drivers/STM32H7xx_HAL_Driver/stm32h7xx_hal_sai.o
LOAD ./Drivers/STM32H7xx_HAL_Driver/stm32h7xx_hal_sai_ex.o
LOAD ./Drivers/STM32H7xx_HAL_Driver/stm32h7xx_hal_sdram.o
LOAD ./Drivers/STM32H7xx_HAL_Driver/stm32h7xx_hal_tim.o
LOAD ./Drivers/STM32H7xx_HAL_Driver/stm32h7xx_hal_tim_ex.o
LOAD ./Drivers/STM32H7xx_HAL_Driver/stm32h7xx_ll_fmc.o
LOAD ./Drivers/STM32H7xx_HAL_Driver/stm32h7xx_ll_sdmmc.o
LOAD ./Drivers/STM32H7xx_HAL_Driver/stm32h7xx_ll_usb.o
START GROUP
LOAD c:/st/stm32cubeide_1.7.0/stm32cubeide/plugins/com.st.stm32cube.ide.mcu.externaltools.gnu-tools-for-stm32.9-2020-q2-update.win32_2.0.0.202105311346/tools/bin/../lib/gcc/arm-none-eabi/9.3.1/../../../../arm-none-eabi/lib/thumb/v7e-m+fp/hard\libc_nano.a
LOAD c:/st/stm32cubeide_1.7.0/stm32cubeide/plugins/com.st.stm32cube.ide.mcu.externaltools.gnu-tools-for-stm32.9-2020-q2-update.win32_2.0.0.202105311346/tools/bin/../lib/gcc/arm-none-eabi/9.3.1/../../../../arm-none-eabi/lib/thumb/v7e-m+fp/hard\libm.a
END GROUP
START GROUP
LOAD c:/st/stm32cubeide_1.7.0/stm32cubeide/plugins/com.st.stm32cube.ide.mcu.externaltools.gnu-tools-for-stm32.9-2020-q2-update.win32_2.0.0.202105311346/tools/bin/../lib/gcc/arm-none-eabi/9.3.1/thumb/v7e-m+fp/hard\libgcc.a
LOAD c:/st/stm32cubeide_1.7.0/stm32cubeide/plugins/com.st.stm32cube.ide.mcu.externaltools.gnu-tools-for-stm32.9-2020-q2-update.win32_2.0.0.202105311346/tools/bin/../lib/gcc/arm-none-eabi/9.3.1/../../../../arm-none-eabi/lib/thumb/v7e-m+fp/hard\libc_nano.a
END GROUP
START GROUP
LOAD c:/st/stm32cubeide_1.7.0/stm32cubeide/plugins/com.st.stm32cube.ide.mcu.externaltools.gnu-tools-for-stm32.9-2020-q2-update.win32_2.0.0.202105311346/tools/bin/../lib/gcc/arm-none-eabi/9.3.1/thumb/v7e-m+fp/hard\libgcc.a
LOAD c:/st/stm32cubeide_1.7.0/stm32cubeide/plugins/com.st.stm32cube.ide.mcu.externaltools.gnu-tools-for-stm32.9-2020-q2-update.win32_2.0.0.202105311346/tools/bin/../lib/gcc/arm-none-eabi/9.3.1/../../../../arm-none-eabi/lib/thumb/v7e-m+fp/hard\libc_nano.a
LOAD c:/st/stm32cubeide_1.7.0/stm32cubeide/plugins/com.st.stm32cube.ide.mcu.externaltools.gnu-tools-for-stm32.9-2020-q2-update.win32_2.0.0.202105311346/tools/bin/../lib/gcc/arm-none-eabi/9.3.1/../../../../arm-none-eabi/lib/thumb/v7e-m+fp/hard\libnosys.a
END GROUP
START GROUP
LOAD c:/st/stm32cubeide_1.7.0/stm32cubeide/plugins/com.st.stm32cube.ide.mcu.externaltools.gnu-tools-for-stm32.9-2020-q2-update.win32_2.0.0.202105311346/tools/bin/../lib/gcc/arm-none-eabi/9.3.1/thumb/v7e-m+fp/hard\libgcc.a
LOAD c:/st/stm32cubeide_1.7.0/stm32cubeide/plugins/com.st.stm32cube.ide.mcu.externaltools.gnu-tools-for-stm32.9-2020-q2-update.win32_2.0.0.202105311346/tools/bin/../lib/gcc/arm-none-eabi/9.3.1/../../../../arm-none-eabi/lib/thumb/v7e-m+fp/hard\libc_nano.a
LOAD c:/st/stm32cubeide_1.7.0/stm32cubeide/plugins/com.st.stm32cube.ide.mcu.externaltools.gnu-tools-for-stm32.9-2020-q2-update.win32_2.0.0.202105311346/tools/bin/../lib/gcc/arm-none-eabi/9.3.1/../../../../arm-none-eabi/lib/thumb/v7e-m+fp/hard\libnosys.a
END GROUP
LOAD c:/st/stm32cubeide_1.7.0/stm32cubeide/plugins/com.st.stm32cube.ide.mcu.externaltools.gnu-tools-for-stm32.9-2020-q2-update.win32_2.0.0.202105311346/tools/bin/../lib/gcc/arm-none-eabi/9.3.1/thumb/v7e-m+fp/hard/crtend.o
LOAD c:/st/stm32cubeide_1.7.0/stm32cubeide/plugins/com.st.stm32cube.ide.mcu.externaltools.gnu-tools-for-stm32.9-2020-q2-update.win32_2.0.0.202105311346/tools/bin/../lib/gcc/arm-none-eabi/9.3.1/thumb/v7e-m+fp/hard/crtn.o
                0x0000000010048000                _estack = (ORIGIN (RAM) + LENGTH (RAM))
                0x0000000000000200                _Min_Heap_Size = 0x200
                0x0000000000000400                _Min_Stack_Size = 0x400

.isr_vector     0x0000000008100000      0x298
                0x0000000008100000                . = ALIGN (0x4)
 *(.isr_vector)
 .isr_vector    0x0000000008100000      0x298 ./Core/Startup/startup_stm32h745xihx.o
                0x0000000008100000                g_pfnVectors
                0x0000000008100298                . = ALIGN (0x4)

.text           0x0000000008100298     0x7f90
                0x0000000008100298                . = ALIGN (0x4)
 *(.text)
 .text          0x0000000008100298       0x40 c:/st/stm32cubeide_1.7.0/stm32cubeide/plugins/com.st.stm32cube.ide.mcu.externaltools.gnu-tools-for-stm32.9-2020-q2-update.win32_2.0.0.202105311346/tools/bin/../lib/gcc/arm-none-eabi/9.3.1/thumb/v7e-m+fp/hard/crtbegin.o
 *(.text*)
 .text.SystemInit
                0x00000000081002d8       0x38 ./Common/Src/system_stm32h7xx_dualcore_boot_cm4_cm7.o
                0x00000000081002d8                SystemInit
 .text.main     0x0000000008100310       0xa4 ./Core/Src/main.o
                0x0000000008100310                main
 .text.MX_ETH_Init
                0x00000000081003b4       0x98 ./Core/Src/main.o
 .text.MX_FDCAN1_Init
                0x000000000810044c       0xc8 ./Core/Src/main.o
 .text.MX_FDCAN2_Init
                0x0000000008100514       0xc8 ./Core/Src/main.o
 .text.MX_LTDC_Init
                0x00000000081005dc      0x164 ./Core/Src/main.o
 .text.MX_SAI2_Init
                0x0000000008100740      0x17c ./Core/Src/main.o
 .text.MX_SDMMC1_MMC_Init
                0x00000000081008bc       0x48 ./Core/Src/main.o
 .text.MX_USB_OTG_FS_PCD_Init
                0x0000000008100904       0x64 ./Core/Src/main.o
 .text.MX_BDMA_Init
                0x0000000008100968       0x34 ./Core/Src/main.o
 .text.MX_FMC_Init
                0x000000000810099c       0x9c ./Core/Src/main.o
 .text.MX_GPIO_Init
                0x0000000008100a38      0x224 ./Core/Src/main.o
 .text.Error_Handler
                0x0000000008100c5c        0xa ./Core/Src/main.o
                0x0000000008100c5c                Error_Handler
 *fill*         0x0000000008100c66        0x2 
 .text.HAL_MspInit
                0x0000000008100c68       0x34 ./Core/Src/stm32h7xx_hal_msp.o
                0x0000000008100c68                HAL_MspInit
 .text.HAL_ETH_MspInit
                0x0000000008100c9c      0x260 ./Core/Src/stm32h7xx_hal_msp.o
                0x0000000008100c9c                HAL_ETH_MspInit
 .text.HAL_FDCAN_MspInit
                0x0000000008100efc      0x194 ./Core/Src/stm32h7xx_hal_msp.o
                0x0000000008100efc                HAL_FDCAN_MspInit
 .text.HAL_LTDC_MspInit
                0x0000000008101090      0x1d4 ./Core/Src/stm32h7xx_hal_msp.o
                0x0000000008101090                HAL_LTDC_MspInit
 .text.HAL_MMC_MspInit
                0x0000000008101264      0x168 ./Core/Src/stm32h7xx_hal_msp.o
                0x0000000008101264                HAL_MMC_MspInit
 .text.HAL_PCD_MspInit
                0x00000000081013cc       0xf4 ./Core/Src/stm32h7xx_hal_msp.o
                0x00000000081013cc                HAL_PCD_MspInit
 .text.HAL_FMC_MspInit
                0x00000000081014c0      0x170 ./Core/Src/stm32h7xx_hal_msp.o
 .text.HAL_SDRAM_MspInit
                0x0000000008101630       0x14 ./Core/Src/stm32h7xx_hal_msp.o
                0x0000000008101630                HAL_SDRAM_MspInit
 .text.HAL_SAI_MspInit
                0x0000000008101644      0x13c ./Core/Src/stm32h7xx_hal_msp.o
                0x0000000008101644                HAL_SAI_MspInit
 .text.NMI_Handler
                0x0000000008101780        0x6 ./Core/Src/stm32h7xx_it.o
                0x0000000008101780                NMI_Handler
 .text.HardFault_Handler
                0x0000000008101786        0x6 ./Core/Src/stm32h7xx_it.o
                0x0000000008101786                HardFault_Handler
 .text.MemManage_Handler
                0x000000000810178c        0x6 ./Core/Src/stm32h7xx_it.o
                0x000000000810178c                MemManage_Handler
 .text.BusFault_Handler
                0x0000000008101792        0x6 ./Core/Src/stm32h7xx_it.o
                0x0000000008101792                BusFault_Handler
 .text.UsageFault_Handler
                0x0000000008101798        0x6 ./Core/Src/stm32h7xx_it.o
                0x0000000008101798                UsageFault_Handler
 .text.SVC_Handler
                0x000000000810179e        0xe ./Core/Src/stm32h7xx_it.o
                0x000000000810179e                SVC_Handler
 .text.DebugMon_Handler
                0x00000000081017ac        0xe ./Core/Src/stm32h7xx_it.o
                0x00000000081017ac                DebugMon_Handler
 .text.PendSV_Handler
                0x00000000081017ba        0xe ./Core/Src/stm32h7xx_it.o
                0x00000000081017ba                PendSV_Handler
 .text.SysTick_Handler
                0x00000000081017c8        0xc ./Core/Src/stm32h7xx_it.o
                0x00000000081017c8                SysTick_Handler
 .text.Reset_Handler
                0x00000000081017d4       0x50 ./Core/Startup/startup_stm32h745xihx.o
                0x00000000081017d4                Reset_Handler
 .text.Default_Handler
                0x0000000008101824        0x2 ./Core/Startup/startup_stm32h745xihx.o
                0x0000000008101824                RTC_Alarm_IRQHandler
                0x0000000008101824                EXTI2_IRQHandler
                0x0000000008101824                TIM8_CC_IRQHandler
                0x0000000008101824                HRTIM1_Master_IRQHandler
                0x0000000008101824                UART8_IRQHandler
                0x0000000008101824                SPI4_IRQHandler
                0x0000000008101824                TIM1_CC_IRQHandler
                0x0000000008101824                BDMA_Channel6_IRQHandler
                0x0000000008101824                DMA2_Stream5_IRQHandler
                0x0000000008101824                HRTIM1_FLT_IRQHandler
                0x0000000008101824                JPEG_IRQHandler
                0x0000000008101824                DMA1_Stream5_IRQHandler
                0x0000000008101824                BDMA_Channel1_IRQHandler
                0x0000000008101824                HRTIM1_TIMD_IRQHandler
                0x0000000008101824                TAMP_STAMP_IRQHandler
                0x0000000008101824                EXTI3_IRQHandler
                0x0000000008101824                LPTIM4_IRQHandler
                0x0000000008101824                TIM8_TRG_COM_TIM14_IRQHandler
                0x0000000008101824                LPTIM2_IRQHandler
                0x0000000008101824                DFSDM1_FLT1_IRQHandler
                0x0000000008101824                DMAMUX2_OVR_IRQHandler
                0x0000000008101824                TIM8_UP_TIM13_IRQHandler
                0x0000000008101824                I2C3_ER_IRQHandler
                0x0000000008101824                DFSDM1_FLT2_IRQHandler
                0x0000000008101824                MDMA_IRQHandler
                0x0000000008101824                LPTIM3_IRQHandler
                0x0000000008101824                HSEM1_IRQHandler
                0x0000000008101824                EXTI0_IRQHandler
                0x0000000008101824                I2C2_EV_IRQHandler
                0x0000000008101824                DMA1_Stream2_IRQHandler
                0x0000000008101824                FPU_IRQHandler
                0x0000000008101824                OTG_HS_WKUP_IRQHandler
                0x0000000008101824                FDCAN1_IT1_IRQHandler
                0x0000000008101824                LTDC_ER_IRQHandler
                0x0000000008101824                DMA2_Stream2_IRQHandler
                0x0000000008101824                HRTIM1_TIME_IRQHandler
                0x0000000008101824                SPI1_IRQHandler
                0x0000000008101824                TIM6_DAC_IRQHandler
                0x0000000008101824                DCMI_IRQHandler
                0x0000000008101824                HRTIM1_TIMC_IRQHandler
                0x0000000008101824                DMA2_Stream3_IRQHandler
                0x0000000008101824                SAI2_IRQHandler
                0x0000000008101824                DFSDM1_FLT3_IRQHandler
                0x0000000008101824                USART6_IRQHandler
                0x0000000008101824                TIM17_IRQHandler
                0x0000000008101824                USART3_IRQHandler
                0x0000000008101824                BDMA_Channel7_IRQHandler
                0x0000000008101824                LPTIM5_IRQHandler
                0x0000000008101824                UART5_IRQHandler
                0x0000000008101824                ADC3_IRQHandler
                0x0000000008101824                DMA2_Stream0_IRQHandler
                0x0000000008101824                TIM4_IRQHandler
                0x0000000008101824                BDMA_Channel2_IRQHandler
                0x0000000008101824                QUADSPI_IRQHandler
                0x0000000008101824                I2C1_EV_IRQHandler
                0x0000000008101824                DMA1_Stream6_IRQHandler
                0x0000000008101824                DMAMUX1_OVR_IRQHandler
                0x0000000008101824                DMA1_Stream1_IRQHandler
                0x0000000008101824                TIM16_IRQHandler
                0x0000000008101824                UART4_IRQHandler
                0x0000000008101824                BDMA_Channel5_IRQHandler
                0x0000000008101824                TIM3_IRQHandler
                0x0000000008101824                RCC_IRQHandler
                0x0000000008101824                TIM8_BRK_TIM12_IRQHandler
                0x0000000008101824                TIM1_TRG_COM_IRQHandler
                0x0000000008101824                Default_Handler
                0x0000000008101824                ECC_IRQHandler
                0x0000000008101824                CEC_IRQHandler
                0x0000000008101824                EXTI15_10_IRQHandler
                0x0000000008101824                BDMA_Channel0_IRQHandler
                0x0000000008101824                ADC_IRQHandler
                0x0000000008101824                DMA1_Stream7_IRQHandler
                0x0000000008101824                HRTIM1_TIMA_IRQHandler
                0x0000000008101824                SPI5_IRQHandler
                0x0000000008101824                TIM7_IRQHandler
                0x0000000008101824                SDMMC1_IRQHandler
                0x0000000008101824                TIM5_IRQHandler
                0x0000000008101824                DMA2_Stream7_IRQHandler
                0x0000000008101824                TIM15_IRQHandler
                0x0000000008101824                PVD_AVD_IRQHandler
                0x0000000008101824                I2C3_EV_IRQHandler
                0x0000000008101824                EXTI9_5_IRQHandler
                0x0000000008101824                RTC_WKUP_IRQHandler
                0x0000000008101824                LTDC_IRQHandler
                0x0000000008101824                SAI3_IRQHandler
                0x0000000008101824                ETH_WKUP_IRQHandler
                0x0000000008101824                SPDIF_RX_IRQHandler
                0x0000000008101824                SPI2_IRQHandler
                0x0000000008101824                OTG_HS_EP1_IN_IRQHandler
                0x0000000008101824                DMA1_Stream0_IRQHandler
                0x0000000008101824                CRS_IRQHandler
                0x0000000008101824                CM7_SEV_IRQHandler
                0x0000000008101824                EXTI4_IRQHandler
                0x0000000008101824                RNG_IRQHandler
                0x0000000008101824                CM4_SEV_IRQHandler
                0x0000000008101824                HRTIM1_TIMB_IRQHandler
                0x0000000008101824                FDCAN2_IT1_IRQHandler
                0x0000000008101824                ETH_IRQHandler
                0x0000000008101824                TIM1_UP_IRQHandler
                0x0000000008101824                WWDG_RST_IRQHandler
                0x0000000008101824                BDMA_Channel4_IRQHandler
                0x0000000008101824                OTG_HS_EP1_OUT_IRQHandler
                0x0000000008101824                WWDG_IRQHandler
                0x0000000008101824                SPI6_IRQHandler
                0x0000000008101824                MDIOS_IRQHandler
                0x0000000008101824                I2C4_EV_IRQHandler
                0x0000000008101824                FDCAN2_IT0_IRQHandler
                0x0000000008101824                LPUART1_IRQHandler
                0x0000000008101824                FDCAN1_IT0_IRQHandler
                0x0000000008101824                TIM2_IRQHandler
                0x0000000008101824                OTG_FS_WKUP_IRQHandler
                0x0000000008101824                OTG_HS_IRQHandler
                0x0000000008101824                HSEM2_IRQHandler
                0x0000000008101824                DMA2D_IRQHandler
                0x0000000008101824                TIM1_BRK_IRQHandler
                0x0000000008101824                EXTI1_IRQHandler
                0x0000000008101824                SDMMC2_IRQHandler
                0x0000000008101824                OTG_FS_EP1_OUT_IRQHandler
                0x0000000008101824                BDMA_Channel3_IRQHandler
                0x0000000008101824                HOLD_CORE_IRQHandler
                0x0000000008101824                UART7_IRQHandler
                0x0000000008101824                MDIOS_WKUP_IRQHandler
                0x0000000008101824                USART2_IRQHandler
                0x0000000008101824                DFSDM1_FLT0_IRQHandler
                0x0000000008101824                SAI4_IRQHandler
                0x0000000008101824                I2C2_ER_IRQHandler
                0x0000000008101824                DMA2_Stream1_IRQHandler
                0x0000000008101824                FLASH_IRQHandler
                0x0000000008101824                DMA2_Stream4_IRQHandler
                0x0000000008101824                USART1_IRQHandler
                0x0000000008101824                OTG_FS_IRQHandler
                0x0000000008101824                SPI3_IRQHandler
                0x0000000008101824                WAKEUP_PIN_IRQHandler
                0x0000000008101824                DMA1_Stream4_IRQHandler
                0x0000000008101824                OTG_FS_EP1_IN_IRQHandler
                0x0000000008101824                I2C1_ER_IRQHandler
                0x0000000008101824                FMC_IRQHandler
                0x0000000008101824                FDCAN_CAL_IRQHandler
                0x0000000008101824                SWPMI1_IRQHandler
                0x0000000008101824                COMP1_IRQHandler
                0x0000000008101824                LPTIM1_IRQHandler
                0x0000000008101824                I2C4_ER_IRQHandler
                0x0000000008101824                DMA2_Stream6_IRQHandler
                0x0000000008101824                SAI1_IRQHandler
                0x0000000008101824                DMA1_Stream3_IRQHandler
 *fill*         0x0000000008101826        0x2 
 .text.HAL_Init
                0x0000000008101828       0xbc ./Drivers/STM32H7xx_HAL_Driver/stm32h7xx_hal.o
                0x0000000008101828                HAL_Init
 .text.HAL_InitTick
                0x00000000081018e4       0x6c ./Drivers/STM32H7xx_HAL_Driver/stm32h7xx_hal.o
                0x00000000081018e4                HAL_InitTick
 .text.HAL_IncTick
                0x0000000008101950       0x28 ./Drivers/STM32H7xx_HAL_Driver/stm32h7xx_hal.o
                0x0000000008101950                HAL_IncTick
 .text.HAL_GetTick
                0x0000000008101978       0x18 ./Drivers/STM32H7xx_HAL_Driver/stm32h7xx_hal.o
                0x0000000008101978                HAL_GetTick
 .text.HAL_Delay
                0x0000000008101990       0x48 ./Drivers/STM32H7xx_HAL_Driver/stm32h7xx_hal.o
                0x0000000008101990                HAL_Delay
 .text.HAL_GetREVID
                0x00000000081019d8       0x18 ./Drivers/STM32H7xx_HAL_Driver/stm32h7xx_hal.o
                0x00000000081019d8                HAL_GetREVID
 .text.HAL_SYSCFG_ETHInterfaceSelect
                0x00000000081019f0       0x28 ./Drivers/STM32H7xx_HAL_Driver/stm32h7xx_hal.o
                0x00000000081019f0                HAL_SYSCFG_ETHInterfaceSelect
 .text.__NVIC_SetPriorityGrouping
                0x0000000008101a18       0x48 ./Drivers/STM32H7xx_HAL_Driver/stm32h7xx_hal_cortex.o
 .text.__NVIC_GetPriorityGrouping
                0x0000000008101a60       0x1c ./Drivers/STM32H7xx_HAL_Driver/stm32h7xx_hal_cortex.o
 .text.__NVIC_SetPriority
                0x0000000008101a7c       0x54 ./Drivers/STM32H7xx_HAL_Driver/stm32h7xx_hal_cortex.o
 .text.NVIC_EncodePriority
                0x0000000008101ad0       0x66 ./Drivers/STM32H7xx_HAL_Driver/stm32h7xx_hal_cortex.o
 *fill*         0x0000000008101b36        0x2 
 .text.SysTick_Config
                0x0000000008101b38       0x44 ./Drivers/STM32H7xx_HAL_Driver/stm32h7xx_hal_cortex.o
 .text.HAL_NVIC_SetPriorityGrouping
                0x0000000008101b7c       0x16 ./Drivers/STM32H7xx_HAL_Driver/stm32h7xx_hal_cortex.o
                0x0000000008101b7c                HAL_NVIC_SetPriorityGrouping
 .text.HAL_NVIC_SetPriority
                0x0000000008101b92       0x34 ./Drivers/STM32H7xx_HAL_Driver/stm32h7xx_hal_cortex.o
                0x0000000008101b92                HAL_NVIC_SetPriority
 .text.HAL_SYSTICK_Config
                0x0000000008101bc6       0x18 ./Drivers/STM32H7xx_HAL_Driver/stm32h7xx_hal_cortex.o
                0x0000000008101bc6                HAL_SYSTICK_Config
 *fill*         0x0000000008101bde        0x2 
 .text.HAL_GetCurrentCPUID
                0x0000000008101be0       0x28 ./Drivers/STM32H7xx_HAL_Driver/stm32h7xx_hal_cortex.o
                0x0000000008101be0                HAL_GetCurrentCPUID
 .text.HAL_ETH_Init
                0x0000000008101c08      0x1b4 ./Drivers/STM32H7xx_HAL_Driver/stm32h7xx_hal_eth.o
                0x0000000008101c08                HAL_ETH_Init
 .text.ETH_SetMACConfig
                0x0000000008101dbc      0x238 ./Drivers/STM32H7xx_HAL_Driver/stm32h7xx_hal_eth.o
 .text.ETH_SetDMAConfig
                0x0000000008101ff4      0x10c ./Drivers/STM32H7xx_HAL_Driver/stm32h7xx_hal_eth.o
 .text.ETH_MACDMAConfig
                0x0000000008102100      0x13a ./Drivers/STM32H7xx_HAL_Driver/stm32h7xx_hal_eth.o
 *fill*         0x000000000810223a        0x2 
 .text.ETH_MAC_MDIO_ClkConfig
                0x000000000810223c       0xb0 ./Drivers/STM32H7xx_HAL_Driver/stm32h7xx_hal_eth.o
 .text.ETH_DMATxDescListInit
                0x00000000081022ec       0x8e ./Drivers/STM32H7xx_HAL_Driver/stm32h7xx_hal_eth.o
 .text.ETH_DMARxDescListInit
                0x000000000810237a       0xba ./Drivers/STM32H7xx_HAL_Driver/stm32h7xx_hal_eth.o
 .text.HAL_FDCAN_Init
                0x0000000008102434      0x3c4 ./Drivers/STM32H7xx_HAL_Driver/stm32h7xx_hal_fdcan.o
                0x0000000008102434                HAL_FDCAN_Init
 .text.FDCAN_CalcultateRamBlockAddresses
                0x00000000081027f8      0x320 ./Drivers/STM32H7xx_HAL_Driver/stm32h7xx_hal_fdcan.o
 .text.HAL_GPIO_Init
                0x0000000008102b18      0x360 ./Drivers/STM32H7xx_HAL_Driver/stm32h7xx_hal_gpio.o
                0x0000000008102b18                HAL_GPIO_Init
 .text.HAL_HSEM_ActivateNotification
                0x0000000008102e78       0x24 ./Drivers/STM32H7xx_HAL_Driver/stm32h7xx_hal_hsem.o
                0x0000000008102e78                HAL_HSEM_ActivateNotification
 .text.HAL_LTDC_Init
                0x0000000008102e9c      0x1a0 ./Drivers/STM32H7xx_HAL_Driver/stm32h7xx_hal_ltdc.o
                0x0000000008102e9c                HAL_LTDC_Init
 .text.HAL_LTDC_ConfigLayer
                0x000000000810303c       0x7c ./Drivers/STM32H7xx_HAL_Driver/stm32h7xx_hal_ltdc.o
                0x000000000810303c                HAL_LTDC_ConfigLayer
 .text.LTDC_SetConfig
                0x00000000081030b8      0x32e ./Drivers/STM32H7xx_HAL_Driver/stm32h7xx_hal_ltdc.o
 .text.HAL_MMC_Init
                0x00000000081033e6       0x7e ./Drivers/STM32H7xx_HAL_Driver/stm32h7xx_hal_mmc.o
                0x00000000081033e6                HAL_MMC_Init
 .text.HAL_MMC_InitCard
                0x0000000008103464      0x128 ./Drivers/STM32H7xx_HAL_Driver/stm32h7xx_hal_mmc.o
                0x0000000008103464                HAL_MMC_InitCard
 .text.HAL_MMC_GetCardCSD
                0x000000000810358c      0x348 ./Drivers/STM32H7xx_HAL_Driver/stm32h7xx_hal_mmc.o
                0x000000000810358c                HAL_MMC_GetCardCSD
 .text.HAL_MMC_GetCardExtCSD
                0x00000000081038d4      0x1f8 ./Drivers/STM32H7xx_HAL_Driver/stm32h7xx_hal_mmc.o
                0x00000000081038d4                HAL_MMC_GetCardExtCSD
 .text.HAL_MMC_ConfigWideBusOperation
                0x0000000008103acc      0x198 ./Drivers/STM32H7xx_HAL_Driver/stm32h7xx_hal_mmc.o
                0x0000000008103acc                HAL_MMC_ConfigWideBusOperation
 .text.MMC_InitCard
                0x0000000008103c64      0x1fa ./Drivers/STM32H7xx_HAL_Driver/stm32h7xx_hal_mmc.o
 *fill*         0x0000000008103e5e        0x2 
 .text.MMC_PowerON
                0x0000000008103e60       0xa0 ./Drivers/STM32H7xx_HAL_Driver/stm32h7xx_hal_mmc.o
 .text.MMC_ReadExtCSD
                0x0000000008103f00      0x1e8 ./Drivers/STM32H7xx_HAL_Driver/stm32h7xx_hal_mmc.o
 .text.MMC_PwrClassUpdate
                0x00000000081040e8      0x140 ./Drivers/STM32H7xx_HAL_Driver/stm32h7xx_hal_mmc.o
 .text.HAL_PCD_Init
                0x0000000008104228      0x248 ./Drivers/STM32H7xx_HAL_Driver/stm32h7xx_hal_pcd.o
                0x0000000008104228                HAL_PCD_Init
 .text.HAL_PCDEx_ActivateLPM
                0x0000000008104470       0x48 ./Drivers/STM32H7xx_HAL_Driver/stm32h7xx_hal_pcd_ex.o
                0x0000000008104470                HAL_PCDEx_ActivateLPM
 .text.HAL_PWREx_EnterSTOPMode
                0x00000000081044b8       0xf4 ./Drivers/STM32H7xx_HAL_Driver/stm32h7xx_hal_pwr_ex.o
                0x00000000081044b8                HAL_PWREx_EnterSTOPMode
 .text.HAL_PWREx_ClearPendingEvent
                0x00000000081045ac       0x1a ./Drivers/STM32H7xx_HAL_Driver/stm32h7xx_hal_pwr_ex.o
                0x00000000081045ac                HAL_PWREx_ClearPendingEvent
 *fill*         0x00000000081045c6        0x2 
 .text.HAL_PWREx_EnableUSBVoltageDetector
                0x00000000081045c8       0x20 ./Drivers/STM32H7xx_HAL_Driver/stm32h7xx_hal_pwr_ex.o
                0x00000000081045c8                HAL_PWREx_EnableUSBVoltageDetector
 .text.HAL_RCC_GetSysClockFreq
                0x00000000081045e8      0x2f4 ./Drivers/STM32H7xx_HAL_Driver/stm32h7xx_hal_rcc.o
                0x00000000081045e8                HAL_RCC_GetSysClockFreq
 .text.HAL_RCC_GetHCLKFreq
                0x00000000081048dc       0x64 ./Drivers/STM32H7xx_HAL_Driver/stm32h7xx_hal_rcc.o
                0x00000000081048dc                HAL_RCC_GetHCLKFreq
 .text.HAL_RCCEx_PeriphCLKConfig
                0x0000000008104940      0xe80 ./Drivers/STM32H7xx_HAL_Driver/stm32h7xx_hal_rcc_ex.o
                0x0000000008104940                HAL_RCCEx_PeriphCLKConfig
 .text.HAL_RCCEx_GetPeriphCLKFreq
                0x00000000081057c0      0x9a4 ./Drivers/STM32H7xx_HAL_Driver/stm32h7xx_hal_rcc_ex.o
                0x00000000081057c0                HAL_RCCEx_GetPeriphCLKFreq
 .text.HAL_RCCEx_GetD3PCLK1Freq
                0x0000000008106164       0x2c ./Drivers/STM32H7xx_HAL_Driver/stm32h7xx_hal_rcc_ex.o
                0x0000000008106164                HAL_RCCEx_GetD3PCLK1Freq
 .text.HAL_RCCEx_GetPLL2ClockFreq
                0x0000000008106190      0x2a8 ./Drivers/STM32H7xx_HAL_Driver/stm32h7xx_hal_rcc_ex.o
                0x0000000008106190                HAL_RCCEx_GetPLL2ClockFreq
 .text.HAL_RCCEx_GetPLL3ClockFreq
                0x0000000008106438      0x2a8 ./Drivers/STM32H7xx_HAL_Driver/stm32h7xx_hal_rcc_ex.o
                0x0000000008106438                HAL_RCCEx_GetPLL3ClockFreq
 .text.HAL_RCCEx_GetPLL1ClockFreq
                0x00000000081066e0      0x2a4 ./Drivers/STM32H7xx_HAL_Driver/stm32h7xx_hal_rcc_ex.o
                0x00000000081066e0                HAL_RCCEx_GetPLL1ClockFreq
 .text.RCCEx_PLL2_Config
                0x0000000008106984      0x164 ./Drivers/STM32H7xx_HAL_Driver/stm32h7xx_hal_rcc_ex.o
 .text.RCCEx_PLL3_Config
                0x0000000008106ae8      0x164 ./Drivers/STM32H7xx_HAL_Driver/stm32h7xx_hal_rcc_ex.o
 .text.HAL_SAI_Init
                0x0000000008106c4c      0x540 ./Drivers/STM32H7xx_HAL_Driver/stm32h7xx_hal_sai.o
                0x0000000008106c4c                HAL_SAI_Init
 .text.SAI_Disable
                0x000000000810718c       0x74 ./Drivers/STM32H7xx_HAL_Driver/stm32h7xx_hal_sai.o
 .text.HAL_SDRAM_Init
                0x0000000008107200       0x78 ./Drivers/STM32H7xx_HAL_Driver/stm32h7xx_hal_sdram.o
                0x0000000008107200                HAL_SDRAM_Init
 .text.FMC_SDRAM_Init
                0x0000000008107278       0xba ./Drivers/STM32H7xx_HAL_Driver/stm32h7xx_ll_fmc.o
                0x0000000008107278                FMC_SDRAM_Init
 .text.FMC_SDRAM_Timing_Init
                0x0000000008107332       0xd2 ./Drivers/STM32H7xx_HAL_Driver/stm32h7xx_ll_fmc.o
                0x0000000008107332                FMC_SDRAM_Timing_Init
 .text.SDMMC_Init
                0x0000000008107404       0x54 ./Drivers/STM32H7xx_HAL_Driver/stm32h7xx_ll_sdmmc.o
                0x0000000008107404                SDMMC_Init
 .text.SDMMC_ReadFIFO
                0x0000000008107458       0x1a ./Drivers/STM32H7xx_HAL_Driver/stm32h7xx_ll_sdmmc.o
                0x0000000008107458                SDMMC_ReadFIFO
 .text.SDMMC_PowerState_ON
                0x0000000008107472       0x22 ./Drivers/STM32H7xx_HAL_Driver/stm32h7xx_ll_sdmmc.o
                0x0000000008107472                SDMMC_PowerState_ON
 .text.SDMMC_GetPowerState
                0x0000000008107494       0x1c ./Drivers/STM32H7xx_HAL_Driver/stm32h7xx_ll_sdmmc.o
                0x0000000008107494                SDMMC_GetPowerState
 .text.SDMMC_SendCommand
                0x00000000081074b0       0x54 ./Drivers/STM32H7xx_HAL_Driver/stm32h7xx_ll_sdmmc.o
                0x00000000081074b0                SDMMC_SendCommand
 .text.SDMMC_GetCommandResponse
                0x0000000008107504       0x1a ./Drivers/STM32H7xx_HAL_Driver/stm32h7xx_ll_sdmmc.o
                0x0000000008107504                SDMMC_GetCommandResponse
 .text.SDMMC_GetResponse
                0x000000000810751e       0x26 ./Drivers/STM32H7xx_HAL_Driver/stm32h7xx_ll_sdmmc.o
                0x000000000810751e                SDMMC_GetResponse
 .text.SDMMC_ConfigData
                0x0000000008107544       0x58 ./Drivers/STM32H7xx_HAL_Driver/stm32h7xx_ll_sdmmc.o
                0x0000000008107544                SDMMC_ConfigData
 .text.SDMMC_CmdBlockLength
                0x000000000810759c       0x46 ./Drivers/STM32H7xx_HAL_Driver/stm32h7xx_ll_sdmmc.o
                0x000000000810759c                SDMMC_CmdBlockLength
 .text.SDMMC_CmdSelDesel
                0x00000000081075e2       0x46 ./Drivers/STM32H7xx_HAL_Driver/stm32h7xx_ll_sdmmc.o
                0x00000000081075e2                SDMMC_CmdSelDesel
 .text.SDMMC_CmdGoIdleState
                0x0000000008107628       0x3c ./Drivers/STM32H7xx_HAL_Driver/stm32h7xx_ll_sdmmc.o
                0x0000000008107628                SDMMC_CmdGoIdleState
 .text.SDMMC_CmdSendCID
                0x0000000008107664       0x3e ./Drivers/STM32H7xx_HAL_Driver/stm32h7xx_ll_sdmmc.o
                0x0000000008107664                SDMMC_CmdSendCID
 .text.SDMMC_CmdSendCSD
                0x00000000081076a2       0x40 ./Drivers/STM32H7xx_HAL_Driver/stm32h7xx_ll_sdmmc.o
                0x00000000081076a2                SDMMC_CmdSendCSD
 .text.SDMMC_CmdSetRelAddMmc
                0x00000000081076e2       0x4a ./Drivers/STM32H7xx_HAL_Driver/stm32h7xx_ll_sdmmc.o
                0x00000000081076e2                SDMMC_CmdSetRelAddMmc
 .text.SDMMC_CmdSendStatus
                0x000000000810772c       0x46 ./Drivers/STM32H7xx_HAL_Driver/stm32h7xx_ll_sdmmc.o
                0x000000000810772c                SDMMC_CmdSendStatus
 .text.SDMMC_CmdOpCondition
                0x0000000008107772       0x40 ./Drivers/STM32H7xx_HAL_Driver/stm32h7xx_ll_sdmmc.o
                0x0000000008107772                SDMMC_CmdOpCondition
 .text.SDMMC_CmdSwitch
                0x00000000081077b2       0x46 ./Drivers/STM32H7xx_HAL_Driver/stm32h7xx_ll_sdmmc.o
                0x00000000081077b2                SDMMC_CmdSwitch
 .text.SDMMC_CmdSendEXTCSD
                0x00000000081077f8       0x46 ./Drivers/STM32H7xx_HAL_Driver/stm32h7xx_ll_sdmmc.o
                0x00000000081077f8                SDMMC_CmdSendEXTCSD
 *fill*         0x000000000810783e        0x2 
 .text.SDMMC_GetCmdResp1
                0x0000000008107840      0x1e4 ./Drivers/STM32H7xx_HAL_Driver/stm32h7xx_ll_sdmmc.o
                0x0000000008107840                SDMMC_GetCmdResp1
 .text.SDMMC_GetCmdResp2
                0x0000000008107a24       0x94 ./Drivers/STM32H7xx_HAL_Driver/stm32h7xx_ll_sdmmc.o
                0x0000000008107a24                SDMMC_GetCmdResp2
 .text.SDMMC_GetCmdResp3
                0x0000000008107ab8       0x80 ./Drivers/STM32H7xx_HAL_Driver/stm32h7xx_ll_sdmmc.o
                0x0000000008107ab8                SDMMC_GetCmdResp3
 .text.SDMMC_GetCmdError
                0x0000000008107b38       0x5c ./Drivers/STM32H7xx_HAL_Driver/stm32h7xx_ll_sdmmc.o
 .text.USB_CoreInit
                0x0000000008107b94       0xdc ./Drivers/STM32H7xx_HAL_Driver/stm32h7xx_ll_usb.o
                0x0000000008107b94                USB_CoreInit
 .text.USB_DisableGlobalInt
                0x0000000008107c70       0x22 ./Drivers/STM32H7xx_HAL_Driver/stm32h7xx_ll_usb.o
                0x0000000008107c70                USB_DisableGlobalInt
 .text.USB_SetCurrentMode
                0x0000000008107c92       0x98 ./Drivers/STM32H7xx_HAL_Driver/stm32h7xx_ll_usb.o
                0x0000000008107c92                USB_SetCurrentMode
 *fill*         0x0000000008107d2a        0x2 
 .text.USB_DevInit
                0x0000000008107d2c      0x2bc ./Drivers/STM32H7xx_HAL_Driver/stm32h7xx_ll_usb.o
                0x0000000008107d2c                USB_DevInit
 .text.USB_FlushTxFifo
                0x0000000008107fe8       0x64 ./Drivers/STM32H7xx_HAL_Driver/stm32h7xx_ll_usb.o
                0x0000000008107fe8                USB_FlushTxFifo
 .text.USB_FlushRxFifo
                0x000000000810804c       0x5c ./Drivers/STM32H7xx_HAL_Driver/stm32h7xx_ll_usb.o
                0x000000000810804c                USB_FlushRxFifo
 .text.USB_SetDevSpeed
                0x00000000081080a8       0x32 ./Drivers/STM32H7xx_HAL_Driver/stm32h7xx_ll_usb.o
                0x00000000081080a8                USB_SetDevSpeed
 .text.USB_DevDisconnect
                0x00000000081080da       0x42 ./Drivers/STM32H7xx_HAL_Driver/stm32h7xx_ll_usb.o
                0x00000000081080da                USB_DevDisconnect
 .text.USB_GetMode
                0x000000000810811c       0x1c ./Drivers/STM32H7xx_HAL_Driver/stm32h7xx_ll_usb.o
                0x000000000810811c                USB_GetMode
 .text.USB_CoreReset
                0x0000000008108138       0x64 ./Drivers/STM32H7xx_HAL_Driver/stm32h7xx_ll_usb.o
 .text.__libc_init_array
                0x000000000810819c       0x48 c:/st/stm32cubeide_1.7.0/stm32cubeide/plugins/com.st.stm32cube.ide.mcu.externaltools.gnu-tools-for-stm32.9-2020-q2-update.win32_2.0.0.202105311346/tools/bin/../lib/gcc/arm-none-eabi/9.3.1/../../../../arm-none-eabi/lib/thumb/v7e-m+fp/hard\libc_nano.a(lib_a-init.o)
                0x000000000810819c                __libc_init_array
 .text.memcpy   0x00000000081081e4       0x1c c:/st/stm32cubeide_1.7.0/stm32cubeide/plugins/com.st.stm32cube.ide.mcu.externaltools.gnu-tools-for-stm32.9-2020-q2-update.win32_2.0.0.202105311346/tools/bin/../lib/gcc/arm-none-eabi/9.3.1/../../../../arm-none-eabi/lib/thumb/v7e-m+fp/hard\libc_nano.a(lib_a-memcpy-stub.o)
                0x00000000081081e4                memcpy
 .text.memset   0x0000000008108200       0x10 c:/st/stm32cubeide_1.7.0/stm32cubeide/plugins/com.st.stm32cube.ide.mcu.externaltools.gnu-tools-for-stm32.9-2020-q2-update.win32_2.0.0.202105311346/tools/bin/../lib/gcc/arm-none-eabi/9.3.1/../../../../arm-none-eabi/lib/thumb/v7e-m+fp/hard\libc_nano.a(lib_a-memset.o)
                0x0000000008108200                memset
 *(.glue_7)
 .glue_7        0x0000000008108210        0x0 linker stubs
 *(.glue_7t)
 .glue_7t       0x0000000008108210        0x0 linker stubs
 *(.eh_frame)
 .eh_frame      0x0000000008108210        0x0 c:/st/stm32cubeide_1.7.0/stm32cubeide/plugins/com.st.stm32cube.ide.mcu.externaltools.gnu-tools-for-stm32.9-2020-q2-update.win32_2.0.0.202105311346/tools/bin/../lib/gcc/arm-none-eabi/9.3.1/thumb/v7e-m+fp/hard/crtbegin.o
 *(.init)
 .init          0x0000000008108210        0x4 c:/st/stm32cubeide_1.7.0/stm32cubeide/plugins/com.st.stm32cube.ide.mcu.externaltools.gnu-tools-for-stm32.9-2020-q2-update.win32_2.0.0.202105311346/tools/bin/../lib/gcc/arm-none-eabi/9.3.1/thumb/v7e-m+fp/hard/crti.o
                0x0000000008108210                _init
 .init          0x0000000008108214        0x8 c:/st/stm32cubeide_1.7.0/stm32cubeide/plugins/com.st.stm32cube.ide.mcu.externaltools.gnu-tools-for-stm32.9-2020-q2-update.win32_2.0.0.202105311346/tools/bin/../lib/gcc/arm-none-eabi/9.3.1/thumb/v7e-m+fp/hard/crtn.o
 *(.fini)
 .fini          0x000000000810821c        0x4 c:/st/stm32cubeide_1.7.0/stm32cubeide/plugins/com.st.stm32cube.ide.mcu.externaltools.gnu-tools-for-stm32.9-2020-q2-update.win32_2.0.0.202105311346/tools/bin/../lib/gcc/arm-none-eabi/9.3.1/thumb/v7e-m+fp/hard/crti.o
                0x000000000810821c                _fini
 .fini          0x0000000008108220        0x8 c:/st/stm32cubeide_1.7.0/stm32cubeide/plugins/com.st.stm32cube.ide.mcu.externaltools.gnu-tools-for-stm32.9-2020-q2-update.win32_2.0.0.202105311346/tools/bin/../lib/gcc/arm-none-eabi/9.3.1/thumb/v7e-m+fp/hard/crtn.o
                0x0000000008108228                . = ALIGN (0x4)
                0x0000000008108228                _etext = .

.vfp11_veneer   0x0000000008108228        0x0
 .vfp11_veneer  0x0000000008108228        0x0 linker stubs

.v4_bx          0x0000000008108228        0x0
 .v4_bx         0x0000000008108228        0x0 linker stubs

.iplt           0x0000000008108228        0x0
 .iplt          0x0000000008108228        0x0 c:/st/stm32cubeide_1.7.0/stm32cubeide/plugins/com.st.stm32cube.ide.mcu.externaltools.gnu-tools-for-stm32.9-2020-q2-update.win32_2.0.0.202105311346/tools/bin/../lib/gcc/arm-none-eabi/9.3.1/thumb/v7e-m+fp/hard/crtbegin.o

.rodata         0x0000000008108228       0x5c
                0x0000000008108228                . = ALIGN (0x4)
 *(.rodata)
 .rodata        0x0000000008108228       0x4c ./Drivers/STM32H7xx_HAL_Driver/stm32h7xx_hal_fdcan.o
 *(.rodata*)
 .rodata.D1CorePrescTable
                0x0000000008108274       0x10 ./Common/Src/system_stm32h7xx_dualcore_boot_cm4_cm7.o
                0x0000000008108274                D1CorePrescTable
                0x0000000008108284                . = ALIGN (0x4)

.rel.dyn        0x0000000008108284        0x0
 .rel.iplt      0x0000000008108284        0x0 c:/st/stm32cubeide_1.7.0/stm32cubeide/plugins/com.st.stm32cube.ide.mcu.externaltools.gnu-tools-for-stm32.9-2020-q2-update.win32_2.0.0.202105311346/tools/bin/../lib/gcc/arm-none-eabi/9.3.1/thumb/v7e-m+fp/hard/crtbegin.o

.ARM.extab
 *(.ARM.extab* .gnu.linkonce.armextab.*)

.ARM            0x0000000008108284        0x0
                0x0000000008108284                __exidx_start = .
 *(.ARM.exidx*)
                0x0000000008108284                __exidx_end = .

.preinit_array  0x0000000008108284        0x0
                0x0000000008108284                PROVIDE (__preinit_array_start = .)
 *(.preinit_array*)
                0x0000000008108284                PROVIDE (__preinit_array_end = .)

.init_array     0x0000000008108284        0x4
                0x0000000008108284                PROVIDE (__init_array_start = .)
 *(SORT_BY_NAME(.init_array.*))
 *(.init_array*)
 .init_array    0x0000000008108284        0x4 c:/st/stm32cubeide_1.7.0/stm32cubeide/plugins/com.st.stm32cube.ide.mcu.externaltools.gnu-tools-for-stm32.9-2020-q2-update.win32_2.0.0.202105311346/tools/bin/../lib/gcc/arm-none-eabi/9.3.1/thumb/v7e-m+fp/hard/crtbegin.o
                0x0000000008108288                PROVIDE (__init_array_end = .)

.fini_array     0x0000000008108288        0x4
                [!provide]                        PROVIDE (__fini_array_start = .)
 *(SORT_BY_NAME(.fini_array.*))
 *(.fini_array*)
 .fini_array    0x0000000008108288        0x4 c:/st/stm32cubeide_1.7.0/stm32cubeide/plugins/com.st.stm32cube.ide.mcu.externaltools.gnu-tools-for-stm32.9-2020-q2-update.win32_2.0.0.202105311346/tools/bin/../lib/gcc/arm-none-eabi/9.3.1/thumb/v7e-m+fp/hard/crtbegin.o
                [!provide]                        PROVIDE (__fini_array_end = .)
                0x000000000810828c                _sidata = LOADADDR (.data)

.data           0x0000000010000000       0x10 load address 0x000000000810828c
                0x0000000010000000                . = ALIGN (0x4)
                0x0000000010000000                _sdata = .
 *(.data)
 *(.data*)
 .data.SystemCoreClock
                0x0000000010000000        0x4 ./Common/Src/system_stm32h7xx_dualcore_boot_cm4_cm7.o
                0x0000000010000000                SystemCoreClock
 .data.SystemD2Clock
                0x0000000010000004        0x4 ./Common/Src/system_stm32h7xx_dualcore_boot_cm4_cm7.o
                0x0000000010000004                SystemD2Clock
 .data.uwTickPrio
                0x0000000010000008        0x4 ./Drivers/STM32H7xx_HAL_Driver/stm32h7xx_hal.o
                0x0000000010000008                uwTickPrio
 .data.uwTickFreq
                0x000000001000000c        0x1 ./Drivers/STM32H7xx_HAL_Driver/stm32h7xx_hal.o
                0x000000001000000c                uwTickFreq
 *(.RamFunc)
 *(.RamFunc*)
                0x0000000010000010                . = ALIGN (0x4)
 *fill*         0x000000001000000d        0x3 
                0x0000000010000010                _edata = .

.igot.plt       0x0000000010000010        0x0 load address 0x000000000810829c
 .igot.plt      0x0000000010000010        0x0 c:/st/stm32cubeide_1.7.0/stm32cubeide/plugins/com.st.stm32cube.ide.mcu.externaltools.gnu-tools-for-stm32.9-2020-q2-update.win32_2.0.0.202105311346/tools/bin/../lib/gcc/arm-none-eabi/9.3.1/thumb/v7e-m+fp/hard/crtbegin.o

.RxDecripSection
                0x0000000010000010       0x60 load address 0x000000000810829c
 .RxDecripSection
                0x0000000010000010       0x60 ./Core/Src/main.o
                0x0000000010000010                DMARxDscrTab

.TxDecripSection
                0x0000000010000070       0x60 load address 0x00000000081082fc
 .TxDecripSection
                0x0000000010000070       0x60 ./Core/Src/main.o
                0x0000000010000070                DMATxDscrTab
                0x00000000100000d0                . = ALIGN (0x4)

.bss            0x00000000100000d0      0xab8 load address 0x000000000810835c
                0x00000000100000d0                _sbss = .
                0x00000000100000d0                __bss_start__ = _sbss
 *(.bss)
 .bss           0x00000000100000d0       0x1c c:/st/stm32cubeide_1.7.0/stm32cubeide/plugins/com.st.stm32cube.ide.mcu.externaltools.gnu-tools-for-stm32.9-2020-q2-update.win32_2.0.0.202105311346/tools/bin/../lib/gcc/arm-none-eabi/9.3.1/thumb/v7e-m+fp/hard/crtbegin.o
 *(.bss*)
 .bss.MACAddr.12417
                0x00000000100000ec        0x6 ./Core/Src/main.o
 *fill*         0x00000000100000f2        0x2 
 .bss.HAL_RCC_FDCAN_CLK_ENABLED
                0x00000000100000f4        0x4 ./Core/Src/stm32h7xx_hal_msp.o
 .bss.FMC_Initialized
                0x00000000100000f8        0x4 ./Core/Src/stm32h7xx_hal_msp.o
 .bss.SAI2_client
                0x00000000100000fc        0x4 ./Core/Src/stm32h7xx_hal_msp.o
 *(COMMON)
 COMMON         0x0000000010000100      0xa84 ./Core/Src/main.o
                0x0000000010000100                hsai_BlockB2
                0x0000000010000198                hsai_BlockA2
                0x0000000010000230                hpcd_USB_OTG_FS
                0x0000000010000638                hmmc1
                0x00000000100008ac                hltdc
                0x0000000010000954                hfdcan1
                0x00000000100009f4                hsdram1
                0x0000000010000a28                heth
                0x0000000010000ab0                TxConfig
                0x0000000010000ae4                hfdcan2
 COMMON         0x0000000010000b84        0x4 ./Drivers/STM32H7xx_HAL_Driver/stm32h7xx_hal.o
                0x0000000010000b84                uwTick
                0x0000000010000b88                . = ALIGN (0x4)
                0x0000000010000b88                _ebss = .
                0x0000000010000b88                __bss_end__ = _ebss

._user_heap_stack
                0x0000000010000b88      0x600 load address 0x000000000810835c
                0x0000000010000b88                . = ALIGN (0x8)
                [!provide]                        PROVIDE (end = .)
                0x0000000010000b88                PROVIDE (_end = .)
                0x0000000010000d88                . = (. + _Min_Heap_Size)
 *fill*         0x0000000010000b88      0x200 
                0x0000000010001188                . = (. + _Min_Stack_Size)
 *fill*         0x0000000010000d88      0x400 
                0x0000000010001188                . = ALIGN (0x8)

/DISCARD/
 libc.a(*)
 libm.a(*)
 libgcc.a(*)

.ARM.attributes
                0x0000000000000000       0x30
 *(.ARM.attributes)
 .ARM.attributes
                0x0000000000000000       0x1e c:/st/stm32cubeide_1.7.0/stm32cubeide/plugins/com.st.stm32cube.ide.mcu.externaltools.gnu-tools-for-stm32.9-2020-q2-update.win32_2.0.0.202105311346/tools/bin/../lib/gcc/arm-none-eabi/9.3.1/thumb/v7e-m+fp/hard/crti.o
 .ARM.attributes
                0x000000000000001e       0x34 c:/st/stm32cubeide_1.7.0/stm32cubeide/plugins/com.st.stm32cube.ide.mcu.externaltools.gnu-tools-for-stm32.9-2020-q2-update.win32_2.0.0.202105311346/tools/bin/../lib/gcc/arm-none-eabi/9.3.1/thumb/v7e-m+fp/hard/crtbegin.o
 .ARM.attributes
                0x0000000000000052       0x34 ./Common/Src/system_stm32h7xx_dualcore_boot_cm4_cm7.o
 .ARM.attributes
                0x0000000000000086       0x34 ./Core/Src/main.o
 .ARM.attributes
                0x00000000000000ba       0x34 ./Core/Src/stm32h7xx_hal_msp.o
 .ARM.attributes
                0x00000000000000ee       0x34 ./Core/Src/stm32h7xx_it.o
 .ARM.attributes
                0x0000000000000122       0x21 ./Core/Startup/startup_stm32h745xihx.o
 .ARM.attributes
                0x0000000000000143       0x34 ./Drivers/STM32H7xx_HAL_Driver/stm32h7xx_hal.o
 .ARM.attributes
                0x0000000000000177       0x34 ./Drivers/STM32H7xx_HAL_Driver/stm32h7xx_hal_cortex.o
 .ARM.attributes
                0x00000000000001ab       0x34 ./Drivers/STM32H7xx_HAL_Driver/stm32h7xx_hal_eth.o
 .ARM.attributes
                0x00000000000001df       0x34 ./Drivers/STM32H7xx_HAL_Driver/stm32h7xx_hal_fdcan.o
 .ARM.attributes
                0x0000000000000213       0x34 ./Drivers/STM32H7xx_HAL_Driver/stm32h7xx_hal_gpio.o
 .ARM.attributes
                0x0000000000000247       0x34 ./Drivers/STM32H7xx_HAL_Driver/stm32h7xx_hal_hsem.o
 .ARM.attributes
                0x000000000000027b       0x34 ./Drivers/STM32H7xx_HAL_Driver/stm32h7xx_hal_ltdc.o
 .ARM.attributes
                0x00000000000002af       0x34 ./Drivers/STM32H7xx_HAL_Driver/stm32h7xx_hal_mmc.o
 .ARM.attributes
                0x00000000000002e3       0x34 ./Drivers/STM32H7xx_HAL_Driver/stm32h7xx_hal_pcd.o
 .ARM.attributes
                0x0000000000000317       0x34 ./Drivers/STM32H7xx_HAL_Driver/stm32h7xx_hal_pcd_ex.o
 .ARM.attributes
                0x000000000000034b       0x34 ./Drivers/STM32H7xx_HAL_Driver/stm32h7xx_hal_pwr_ex.o
 .ARM.attributes
                0x000000000000037f       0x34 ./Drivers/STM32H7xx_HAL_Driver/stm32h7xx_hal_rcc.o
 .ARM.attributes
                0x00000000000003b3       0x34 ./Drivers/STM32H7xx_HAL_Driver/stm32h7xx_hal_rcc_ex.o
 .ARM.attributes
                0x00000000000003e7       0x34 ./Drivers/STM32H7xx_HAL_Driver/stm32h7xx_hal_sai.o
 .ARM.attributes
                0x000000000000041b       0x34 ./Drivers/STM32H7xx_HAL_Driver/stm32h7xx_hal_sdram.o
 .ARM.attributes
                0x000000000000044f       0x34 ./Drivers/STM32H7xx_HAL_Driver/stm32h7xx_ll_fmc.o
 .ARM.attributes
                0x0000000000000483       0x34 ./Drivers/STM32H7xx_HAL_Driver/stm32h7xx_ll_sdmmc.o
 .ARM.attributes
                0x00000000000004b7       0x34 ./Drivers/STM32H7xx_HAL_Driver/stm32h7xx_ll_usb.o
 .ARM.attributes
                0x00000000000004eb       0x34 c:/st/stm32cubeide_1.7.0/stm32cubeide/plugins/com.st.stm32cube.ide.mcu.externaltools.gnu-tools-for-stm32.9-2020-q2-update.win32_2.0.0.202105311346/tools/bin/../lib/gcc/arm-none-eabi/9.3.1/../../../../arm-none-eabi/lib/thumb/v7e-m+fp/hard\libc_nano.a(lib_a-init.o)
 .ARM.attributes
                0x000000000000051f       0x34 c:/st/stm32cubeide_1.7.0/stm32cubeide/plugins/com.st.stm32cube.ide.mcu.externaltools.gnu-tools-for-stm32.9-2020-q2-update.win32_2.0.0.202105311346/tools/bin/../lib/gcc/arm-none-eabi/9.3.1/../../../../arm-none-eabi/lib/thumb/v7e-m+fp/hard\libc_nano.a(lib_a-memcpy-stub.o)
 .ARM.attributes
                0x0000000000000553       0x34 c:/st/stm32cubeide_1.7.0/stm32cubeide/plugins/com.st.stm32cube.ide.mcu.externaltools.gnu-tools-for-stm32.9-2020-q2-update.win32_2.0.0.202105311346/tools/bin/../lib/gcc/arm-none-eabi/9.3.1/../../../../arm-none-eabi/lib/thumb/v7e-m+fp/hard\libc_nano.a(lib_a-memset.o)
 .ARM.attributes
                0x0000000000000587       0x1e c:/st/stm32cubeide_1.7.0/stm32cubeide/plugins/com.st.stm32cube.ide.mcu.externaltools.gnu-tools-for-stm32.9-2020-q2-update.win32_2.0.0.202105311346/tools/bin/../lib/gcc/arm-none-eabi/9.3.1/thumb/v7e-m+fp/hard/crtn.o
OUTPUT(bno055_CM4.elf elf32-littlearm)
LOAD linker stubs
LOAD c:/st/stm32cubeide_1.7.0/stm32cubeide/plugins/com.st.stm32cube.ide.mcu.externaltools.gnu-tools-for-stm32.9-2020-q2-update.win32_2.0.0.202105311346/tools/bin/../lib/gcc/arm-none-eabi/9.3.1/../../../../arm-none-eabi/lib/thumb/v7e-m+fp/hard\libc.a
LOAD c:/st/stm32cubeide_1.7.0/stm32cubeide/plugins/com.st.stm32cube.ide.mcu.externaltools.gnu-tools-for-stm32.9-2020-q2-update.win32_2.0.0.202105311346/tools/bin/../lib/gcc/arm-none-eabi/9.3.1/../../../../arm-none-eabi/lib/thumb/v7e-m+fp/hard\libm.a
LOAD c:/st/stm32cubeide_1.7.0/stm32cubeide/plugins/com.st.stm32cube.ide.mcu.externaltools.gnu-tools-for-stm32.9-2020-q2-update.win32_2.0.0.202105311346/tools/bin/../lib/gcc/arm-none-eabi/9.3.1/thumb/v7e-m+fp/hard\libgcc.a

.debug_info     0x0000000000000000    0x2cb05
 .debug_info    0x0000000000000000     0x11ba ./Common/Src/system_stm32h7xx_dualcore_boot_cm4_cm7.o
 .debug_info    0x00000000000011ba     0x44eb ./Core/Src/main.o
 .debug_info    0x00000000000056a5     0x4692 ./Core/Src/stm32h7xx_hal_msp.o
 .debug_info    0x0000000000009d37      0xbe2 ./Core/Src/stm32h7xx_it.o
 .debug_info    0x000000000000a919       0x22 ./Core/Startup/startup_stm32h745xihx.o
 .debug_info    0x000000000000a93b     0x21ec ./Drivers/STM32H7xx_HAL_Driver/stm32h7xx_hal.o
 .debug_info    0x000000000000cb27     0x1a13 ./Drivers/STM32H7xx_HAL_Driver/stm32h7xx_hal_cortex.o
 .debug_info    0x000000000000e53a     0x326c ./Drivers/STM32H7xx_HAL_Driver/stm32h7xx_hal_eth.o
 .debug_info    0x00000000000117a6     0x3780 ./Drivers/STM32H7xx_HAL_Driver/stm32h7xx_hal_fdcan.o
 .debug_info    0x0000000000014f26     0x1877 ./Drivers/STM32H7xx_HAL_Driver/stm32h7xx_hal_gpio.o
 .debug_info    0x000000000001679d      0xe94 ./Drivers/STM32H7xx_HAL_Driver/stm32h7xx_hal_hsem.o
 .debug_info    0x0000000000017631     0x1b9e ./Drivers/STM32H7xx_HAL_Driver/stm32h7xx_hal_ltdc.o
 .debug_info    0x00000000000191cf     0x250c ./Drivers/STM32H7xx_HAL_Driver/stm32h7xx_hal_mmc.o
 .debug_info    0x000000000001b6db     0x1d06 ./Drivers/STM32H7xx_HAL_Driver/stm32h7xx_hal_pcd.o
 .debug_info    0x000000000001d3e1     0x130a ./Drivers/STM32H7xx_HAL_Driver/stm32h7xx_hal_pcd_ex.o
 .debug_info    0x000000000001e6eb     0x1b2f ./Drivers/STM32H7xx_HAL_Driver/stm32h7xx_hal_pwr_ex.o
 .debug_info    0x000000000002021a     0x1928 ./Drivers/STM32H7xx_HAL_Driver/stm32h7xx_hal_rcc.o
 .debug_info    0x0000000000021b42     0x1da1 ./Drivers/STM32H7xx_HAL_Driver/stm32h7xx_hal_rcc_ex.o
 .debug_info    0x00000000000238e3     0x1e5c ./Drivers/STM32H7xx_HAL_Driver/stm32h7xx_hal_sai.o
 .debug_info    0x000000000002573f     0x19ee ./Drivers/STM32H7xx_HAL_Driver/stm32h7xx_hal_sdram.o
 .debug_info    0x000000000002712d     0x16d5 ./Drivers/STM32H7xx_HAL_Driver/stm32h7xx_ll_fmc.o
 .debug_info    0x0000000000028802     0x1d88 ./Drivers/STM32H7xx_HAL_Driver/stm32h7xx_ll_sdmmc.o
 .debug_info    0x000000000002a58a     0x257b ./Drivers/STM32H7xx_HAL_Driver/stm32h7xx_ll_usb.o

.debug_abbrev   0x0000000000000000     0x422f
 .debug_abbrev  0x0000000000000000      0x251 ./Common/Src/system_stm32h7xx_dualcore_boot_cm4_cm7.o
 .debug_abbrev  0x0000000000000251      0x349 ./Core/Src/main.o
 .debug_abbrev  0x000000000000059a      0x2e8 ./Core/Src/stm32h7xx_hal_msp.o
 .debug_abbrev  0x0000000000000882      0x1ef ./Core/Src/stm32h7xx_it.o
 .debug_abbrev  0x0000000000000a71       0x12 ./Core/Startup/startup_stm32h745xihx.o
 .debug_abbrev  0x0000000000000a83      0x324 ./Drivers/STM32H7xx_HAL_Driver/stm32h7xx_hal.o
 .debug_abbrev  0x0000000000000da7      0x409 ./Drivers/STM32H7xx_HAL_Driver/stm32h7xx_hal_cortex.o
 .debug_abbrev  0x00000000000011b0      0x328 ./Drivers/STM32H7xx_HAL_Driver/stm32h7xx_hal_eth.o
 .debug_abbrev  0x00000000000014d8      0x343 ./Drivers/STM32H7xx_HAL_Driver/stm32h7xx_hal_fdcan.o
 .debug_abbrev  0x000000000000181b      0x2cb ./Drivers/STM32H7xx_HAL_Driver/stm32h7xx_hal_gpio.o
 .debug_abbrev  0x0000000000001ae6      0x2e9 ./Drivers/STM32H7xx_HAL_Driver/stm32h7xx_hal_hsem.o
 .debug_abbrev  0x0000000000001dcf      0x2eb ./Drivers/STM32H7xx_HAL_Driver/stm32h7xx_hal_ltdc.o
 .debug_abbrev  0x00000000000020ba      0x34c ./Drivers/STM32H7xx_HAL_Driver/stm32h7xx_hal_mmc.o
 .debug_abbrev  0x0000000000002406      0x33a ./Drivers/STM32H7xx_HAL_Driver/stm32h7xx_hal_pcd.o
 .debug_abbrev  0x0000000000002740      0x2e0 ./Drivers/STM32H7xx_HAL_Driver/stm32h7xx_hal_pcd_ex.o
 .debug_abbrev  0x0000000000002a20      0x37d ./Drivers/STM32H7xx_HAL_Driver/stm32h7xx_hal_pwr_ex.o
 .debug_abbrev  0x0000000000002d9d      0x322 ./Drivers/STM32H7xx_HAL_Driver/stm32h7xx_hal_rcc.o
 .debug_abbrev  0x00000000000030bf      0x31d ./Drivers/STM32H7xx_HAL_Driver/stm32h7xx_hal_rcc_ex.o
 .debug_abbrev  0x00000000000033dc      0x2f8 ./Drivers/STM32H7xx_HAL_Driver/stm32h7xx_hal_sai.o
 .debug_abbrev  0x00000000000036d4      0x2c5 ./Drivers/STM32H7xx_HAL_Driver/stm32h7xx_hal_sdram.o
 .debug_abbrev  0x0000000000003999      0x271 ./Drivers/STM32H7xx_HAL_Driver/stm32h7xx_ll_fmc.o
 .debug_abbrev  0x0000000000003c0a      0x2d3 ./Drivers/STM32H7xx_HAL_Driver/stm32h7xx_ll_sdmmc.o
 .debug_abbrev  0x0000000000003edd      0x352 ./Drivers/STM32H7xx_HAL_Driver/stm32h7xx_ll_usb.o

.debug_aranges  0x0000000000000000     0x1888
 .debug_aranges
                0x0000000000000000       0x28 ./Common/Src/system_stm32h7xx_dualcore_boot_cm4_cm7.o
 .debug_aranges
                0x0000000000000028       0x78 ./Core/Src/main.o
 .debug_aranges
                0x00000000000000a0       0xa0 ./Core/Src/stm32h7xx_hal_msp.o
 .debug_aranges
                0x0000000000000140       0x60 ./Core/Src/stm32h7xx_it.o
 .debug_aranges
                0x00000000000001a0       0x28 ./Core/Startup/startup_stm32h745xihx.o
 .debug_aranges
                0x00000000000001c8      0x200 ./Drivers/STM32H7xx_HAL_Driver/stm32h7xx_hal.o
 .debug_aranges
                0x00000000000003c8      0x120 ./Drivers/STM32H7xx_HAL_Driver/stm32h7xx_hal_cortex.o
 .debug_aranges
                0x00000000000004e8      0x1b0 ./Drivers/STM32H7xx_HAL_Driver/stm32h7xx_hal_eth.o
 .debug_aranges
                0x0000000000000698      0x338 ./Drivers/STM32H7xx_HAL_Driver/stm32h7xx_hal_fdcan.o
 .debug_aranges
                0x00000000000009d0       0x58 ./Drivers/STM32H7xx_HAL_Driver/stm32h7xx_hal_gpio.o
 .debug_aranges
                0x0000000000000a28       0x70 ./Drivers/STM32H7xx_HAL_Driver/stm32h7xx_hal_hsem.o
 .debug_aranges
                0x0000000000000a98      0x158 ./Drivers/STM32H7xx_HAL_Driver/stm32h7xx_hal_ltdc.o
 .debug_aranges
                0x0000000000000bf0      0x198 ./Drivers/STM32H7xx_HAL_Driver/stm32h7xx_hal_mmc.o
 .debug_aranges
                0x0000000000000d88      0x140 ./Drivers/STM32H7xx_HAL_Driver/stm32h7xx_hal_pcd.o
 .debug_aranges
                0x0000000000000ec8       0x60 ./Drivers/STM32H7xx_HAL_Driver/stm32h7xx_hal_pcd_ex.o
 .debug_aranges
                0x0000000000000f28      0x170 ./Drivers/STM32H7xx_HAL_Driver/stm32h7xx_hal_pwr_ex.o
 .debug_aranges
                0x0000000000001098       0x88 ./Drivers/STM32H7xx_HAL_Driver/stm32h7xx_hal_rcc.o
 .debug_aranges
                0x0000000000001120      0x100 ./Drivers/STM32H7xx_HAL_Driver/stm32h7xx_hal_rcc_ex.o
 .debug_aranges
                0x0000000000001220      0x178 ./Drivers/STM32H7xx_HAL_Driver/stm32h7xx_hal_sai.o
 .debug_aranges
                0x0000000000001398       0xe8 ./Drivers/STM32H7xx_HAL_Driver/stm32h7xx_hal_sdram.o
 .debug_aranges
                0x0000000000001480       0xc8 ./Drivers/STM32H7xx_HAL_Driver/stm32h7xx_ll_fmc.o
 .debug_aranges
                0x0000000000001548      0x1a0 ./Drivers/STM32H7xx_HAL_Driver/stm32h7xx_ll_sdmmc.o
 .debug_aranges
                0x00000000000016e8      0x1a0 ./Drivers/STM32H7xx_HAL_Driver/stm32h7xx_ll_usb.o

.debug_ranges   0x0000000000000000     0x1738
 .debug_ranges  0x0000000000000000       0x18 ./Common/Src/system_stm32h7xx_dualcore_boot_cm4_cm7.o
 .debug_ranges  0x0000000000000018       0x68 ./Core/Src/main.o
 .debug_ranges  0x0000000000000080       0x90 ./Core/Src/stm32h7xx_hal_msp.o
 .debug_ranges  0x0000000000000110       0x50 ./Core/Src/stm32h7xx_it.o
 .debug_ranges  0x0000000000000160       0x20 ./Core/Startup/startup_stm32h745xihx.o
 .debug_ranges  0x0000000000000180      0x1f0 ./Drivers/STM32H7xx_HAL_Driver/stm32h7xx_hal.o
 .debug_ranges  0x0000000000000370      0x110 ./Drivers/STM32H7xx_HAL_Driver/stm32h7xx_hal_cortex.o
 .debug_ranges  0x0000000000000480      0x1a0 ./Drivers/STM32H7xx_HAL_Driver/stm32h7xx_hal_eth.o
 .debug_ranges  0x0000000000000620      0x328 ./Drivers/STM32H7xx_HAL_Driver/stm32h7xx_hal_fdcan.o
 .debug_ranges  0x0000000000000948       0x48 ./Drivers/STM32H7xx_HAL_Driver/stm32h7xx_hal_gpio.o
 .debug_ranges  0x0000000000000990       0x60 ./Drivers/STM32H7xx_HAL_Driver/stm32h7xx_hal_hsem.o
 .debug_ranges  0x00000000000009f0      0x148 ./Drivers/STM32H7xx_HAL_Driver/stm32h7xx_hal_ltdc.o
 .debug_ranges  0x0000000000000b38      0x188 ./Drivers/STM32H7xx_HAL_Driver/stm32h7xx_hal_mmc.o
 .debug_ranges  0x0000000000000cc0      0x130 ./Drivers/STM32H7xx_HAL_Driver/stm32h7xx_hal_pcd.o
 .debug_ranges  0x0000000000000df0       0x50 ./Drivers/STM32H7xx_HAL_Driver/stm32h7xx_hal_pcd_ex.o
 .debug_ranges  0x0000000000000e40      0x160 ./Drivers/STM32H7xx_HAL_Driver/stm32h7xx_hal_pwr_ex.o
 .debug_ranges  0x0000000000000fa0       0x78 ./Drivers/STM32H7xx_HAL_Driver/stm32h7xx_hal_rcc.o
 .debug_ranges  0x0000000000001018       0xf0 ./Drivers/STM32H7xx_HAL_Driver/stm32h7xx_hal_rcc_ex.o
 .debug_ranges  0x0000000000001108      0x180 ./Drivers/STM32H7xx_HAL_Driver/stm32h7xx_hal_sai.o
 .debug_ranges  0x0000000000001288       0xd8 ./Drivers/STM32H7xx_HAL_Driver/stm32h7xx_hal_sdram.o
 .debug_ranges  0x0000000000001360       0xb8 ./Drivers/STM32H7xx_HAL_Driver/stm32h7xx_ll_fmc.o
 .debug_ranges  0x0000000000001418      0x190 ./Drivers/STM32H7xx_HAL_Driver/stm32h7xx_ll_sdmmc.o
 .debug_ranges  0x00000000000015a8      0x190 ./Drivers/STM32H7xx_HAL_Driver/stm32h7xx_ll_usb.o

.debug_macro    0x0000000000000000    0x3d772
 .debug_macro   0x0000000000000000      0x341 ./Common/Src/system_stm32h7xx_dualcore_boot_cm4_cm7.o
 .debug_macro   0x0000000000000341      0xaae ./Common/Src/system_stm32h7xx_dualcore_boot_cm4_cm7.o
 .debug_macro   0x0000000000000def       0x2e ./Common/Src/system_stm32h7xx_dualcore_boot_cm4_cm7.o
 .debug_macro   0x0000000000000e1d       0x3b ./Common/Src/system_stm32h7xx_dualcore_boot_cm4_cm7.o
 .debug_macro   0x0000000000000e58       0x22 ./Common/Src/system_stm32h7xx_dualcore_boot_cm4_cm7.o
 .debug_macro   0x0000000000000e7a       0x8e ./Common/Src/system_stm32h7xx_dualcore_boot_cm4_cm7.o
 .debug_macro   0x0000000000000f08       0x51 ./Common/Src/system_stm32h7xx_dualcore_boot_cm4_cm7.o
 .debug_macro   0x0000000000000f59      0x103 ./Common/Src/system_stm32h7xx_dualcore_boot_cm4_cm7.o
 .debug_macro   0x000000000000105c       0x6a ./Common/Src/system_stm32h7xx_dualcore_boot_cm4_cm7.o
 .debug_macro   0x00000000000010c6      0x1df ./Common/Src/system_stm32h7xx_dualcore_boot_cm4_cm7.o
 .debug_macro   0x00000000000012a5       0x1c ./Common/Src/system_stm32h7xx_dualcore_boot_cm4_cm7.o
 .debug_macro   0x00000000000012c1       0x22 ./Common/Src/system_stm32h7xx_dualcore_boot_cm4_cm7.o
 .debug_macro   0x00000000000012e3      0x101 ./Common/Src/system_stm32h7xx_dualcore_boot_cm4_cm7.o
 .debug_macro   0x00000000000013e4     0x1011 ./Common/Src/system_stm32h7xx_dualcore_boot_cm4_cm7.o
 .debug_macro   0x00000000000023f5      0x11f ./Common/Src/system_stm32h7xx_dualcore_boot_cm4_cm7.o
 .debug_macro   0x0000000000002514    0x26d23 ./Common/Src/system_stm32h7xx_dualcore_boot_cm4_cm7.o
 .debug_macro   0x0000000000029237       0x6d ./Common/Src/system_stm32h7xx_dualcore_boot_cm4_cm7.o
 .debug_macro   0x00000000000292a4      0x256 ./Common/Src/system_stm32h7xx_dualcore_boot_cm4_cm7.o
 .debug_macro   0x00000000000294fa     0x3d1e ./Common/Src/system_stm32h7xx_dualcore_boot_cm4_cm7.o
 .debug_macro   0x000000000002d218      0x174 ./Common/Src/system_stm32h7xx_dualcore_boot_cm4_cm7.o
 .debug_macro   0x000000000002d38c       0x52 ./Common/Src/system_stm32h7xx_dualcore_boot_cm4_cm7.o
 .debug_macro   0x000000000002d3de       0x18 ./Common/Src/system_stm32h7xx_dualcore_boot_cm4_cm7.o
 .debug_macro   0x000000000002d3f6       0x3c ./Common/Src/system_stm32h7xx_dualcore_boot_cm4_cm7.o
 .debug_macro   0x000000000002d432       0x34 ./Common/Src/system_stm32h7xx_dualcore_boot_cm4_cm7.o
 .debug_macro   0x000000000002d466       0x16 ./Common/Src/system_stm32h7xx_dualcore_boot_cm4_cm7.o
 .debug_macro   0x000000000002d47c       0x43 ./Common/Src/system_stm32h7xx_dualcore_boot_cm4_cm7.o
 .debug_macro   0x000000000002d4bf       0x34 ./Common/Src/system_stm32h7xx_dualcore_boot_cm4_cm7.o
 .debug_macro   0x000000000002d4f3       0x10 ./Common/Src/system_stm32h7xx_dualcore_boot_cm4_cm7.o
 .debug_macro   0x000000000002d503       0x58 ./Common/Src/system_stm32h7xx_dualcore_boot_cm4_cm7.o
 .debug_macro   0x000000000002d55b       0x71 ./Common/Src/system_stm32h7xx_dualcore_boot_cm4_cm7.o
 .debug_macro   0x000000000002d5cc       0x1c ./Common/Src/system_stm32h7xx_dualcore_boot_cm4_cm7.o
 .debug_macro   0x000000000002d5e8      0x12a ./Common/Src/system_stm32h7xx_dualcore_boot_cm4_cm7.o
 .debug_macro   0x000000000002d712      0x333 ./Common/Src/system_stm32h7xx_dualcore_boot_cm4_cm7.o
 .debug_macro   0x000000000002da45      0x1a9 ./Common/Src/system_stm32h7xx_dualcore_boot_cm4_cm7.o
 .debug_macro   0x000000000002dbee       0x5d ./Common/Src/system_stm32h7xx_dualcore_boot_cm4_cm7.o
 .debug_macro   0x000000000002dc4b     0x3a9d ./Common/Src/system_stm32h7xx_dualcore_boot_cm4_cm7.o
 .debug_macro   0x00000000000316e8     0x1048 ./Common/Src/system_stm32h7xx_dualcore_boot_cm4_cm7.o
 .debug_macro   0x0000000000032730      0x14d ./Common/Src/system_stm32h7xx_dualcore_boot_cm4_cm7.o
 .debug_macro   0x000000000003287d      0x130 ./Common/Src/system_stm32h7xx_dualcore_boot_cm4_cm7.o
 .debug_macro   0x00000000000329ad      0x3be ./Common/Src/system_stm32h7xx_dualcore_boot_cm4_cm7.o
 .debug_macro   0x0000000000032d6b       0xac ./Common/Src/system_stm32h7xx_dualcore_boot_cm4_cm7.o
 .debug_macro   0x0000000000032e17      0x72d ./Common/Src/system_stm32h7xx_dualcore_boot_cm4_cm7.o
 .debug_macro   0x0000000000033544      0x228 ./Common/Src/system_stm32h7xx_dualcore_boot_cm4_cm7.o
 .debug_macro   0x000000000003376c       0x66 ./Common/Src/system_stm32h7xx_dualcore_boot_cm4_cm7.o
 .debug_macro   0x00000000000337d2      0x3bb ./Common/Src/system_stm32h7xx_dualcore_boot_cm4_cm7.o
 .debug_macro   0x0000000000033b8d      0xa6e ./Common/Src/system_stm32h7xx_dualcore_boot_cm4_cm7.o
 .debug_macro   0x00000000000345fb      0x129 ./Common/Src/system_stm32h7xx_dualcore_boot_cm4_cm7.o
 .debug_macro   0x0000000000034724      0x407 ./Common/Src/system_stm32h7xx_dualcore_boot_cm4_cm7.o
 .debug_macro   0x0000000000034b2b      0x244 ./Common/Src/system_stm32h7xx_dualcore_boot_cm4_cm7.o
 .debug_macro   0x0000000000034d6f      0xe34 ./Common/Src/system_stm32h7xx_dualcore_boot_cm4_cm7.o
 .debug_macro   0x0000000000035ba3      0x3ca ./Common/Src/system_stm32h7xx_dualcore_boot_cm4_cm7.o
 .debug_macro   0x0000000000035f6d      0x4a2 ./Common/Src/system_stm32h7xx_dualcore_boot_cm4_cm7.o
 .debug_macro   0x000000000003640f       0x51 ./Common/Src/system_stm32h7xx_dualcore_boot_cm4_cm7.o
 .debug_macro   0x0000000000036460       0x4a ./Common/Src/system_stm32h7xx_dualcore_boot_cm4_cm7.o
 .debug_macro   0x00000000000364aa      0x22c ./Common/Src/system_stm32h7xx_dualcore_boot_cm4_cm7.o
 .debug_macro   0x00000000000366d6       0x67 ./Common/Src/system_stm32h7xx_dualcore_boot_cm4_cm7.o
 .debug_macro   0x000000000003673d       0xa5 ./Common/Src/system_stm32h7xx_dualcore_boot_cm4_cm7.o
 .debug_macro   0x00000000000367e2      0x81b ./Common/Src/system_stm32h7xx_dualcore_boot_cm4_cm7.o
 .debug_macro   0x0000000000036ffd      0x23b ./Common/Src/system_stm32h7xx_dualcore_boot_cm4_cm7.o
 .debug_macro   0x0000000000037238       0x12 ./Common/Src/system_stm32h7xx_dualcore_boot_cm4_cm7.o
 .debug_macro   0x000000000003724a      0x198 ./Common/Src/system_stm32h7xx_dualcore_boot_cm4_cm7.o
 .debug_macro   0x00000000000373e2       0xd6 ./Common/Src/system_stm32h7xx_dualcore_boot_cm4_cm7.o
 .debug_macro   0x00000000000374b8      0x218 ./Common/Src/system_stm32h7xx_dualcore_boot_cm4_cm7.o
 .debug_macro   0x00000000000376d0      0x2ea ./Common/Src/system_stm32h7xx_dualcore_boot_cm4_cm7.o
 .debug_macro   0x00000000000379ba       0x35 ./Common/Src/system_stm32h7xx_dualcore_boot_cm4_cm7.o
 .debug_macro   0x00000000000379ef      0x3bb ./Common/Src/system_stm32h7xx_dualcore_boot_cm4_cm7.o
 .debug_macro   0x0000000000037daa       0x10 ./Common/Src/system_stm32h7xx_dualcore_boot_cm4_cm7.o
 .debug_macro   0x0000000000037dba       0xe4 ./Common/Src/system_stm32h7xx_dualcore_boot_cm4_cm7.o
 .debug_macro   0x0000000000037e9e      0x512 ./Common/Src/system_stm32h7xx_dualcore_boot_cm4_cm7.o
 .debug_macro   0x00000000000383b0      0x248 ./Common/Src/system_stm32h7xx_dualcore_boot_cm4_cm7.o
 .debug_macro   0x00000000000385f8       0x90 ./Common/Src/system_stm32h7xx_dualcore_boot_cm4_cm7.o
 .debug_macro   0x0000000000038688      0x798 ./Common/Src/system_stm32h7xx_dualcore_boot_cm4_cm7.o
 .debug_macro   0x0000000000038e20      0x380 ./Core/Src/main.o
 .debug_macro   0x00000000000391a0      0x1e3 ./Core/Src/main.o
 .debug_macro   0x0000000000039383       0x16 ./Core/Src/main.o
 .debug_macro   0x0000000000039399       0x35 ./Core/Src/main.o
 .debug_macro   0x00000000000393ce       0x20 ./Core/Src/main.o
 .debug_macro   0x00000000000393ee      0x34a ./Core/Src/stm32h7xx_hal_msp.o
 .debug_macro   0x0000000000039738      0x354 ./Core/Src/stm32h7xx_it.o
 .debug_macro   0x0000000000039a8c      0x365 ./Drivers/STM32H7xx_HAL_Driver/stm32h7xx_hal.o
 .debug_macro   0x0000000000039df1      0x33b ./Drivers/STM32H7xx_HAL_Driver/stm32h7xx_hal_cortex.o
 .debug_macro   0x000000000003a12c      0x3c8 ./Drivers/STM32H7xx_HAL_Driver/stm32h7xx_hal_eth.o
 .debug_macro   0x000000000003a4f4      0x400 ./Drivers/STM32H7xx_HAL_Driver/stm32h7xx_hal_fdcan.o
 .debug_macro   0x000000000003a8f4      0x34f ./Drivers/STM32H7xx_HAL_Driver/stm32h7xx_hal_gpio.o
 .debug_macro   0x000000000003ac43      0x34d ./Drivers/STM32H7xx_HAL_Driver/stm32h7xx_hal_hsem.o
 .debug_macro   0x000000000003af90      0x33c ./Drivers/STM32H7xx_HAL_Driver/stm32h7xx_hal_ltdc.o
 .debug_macro   0x000000000003b2cc      0x397 ./Drivers/STM32H7xx_HAL_Driver/stm32h7xx_hal_mmc.o
 .debug_macro   0x000000000003b663      0x347 ./Drivers/STM32H7xx_HAL_Driver/stm32h7xx_hal_pcd.o
 .debug_macro   0x000000000003b9aa      0x33b ./Drivers/STM32H7xx_HAL_Driver/stm32h7xx_hal_pcd_ex.o
 .debug_macro   0x000000000003bce5      0x374 ./Drivers/STM32H7xx_HAL_Driver/stm32h7xx_hal_pwr_ex.o
 .debug_macro   0x000000000003c059      0x35f ./Drivers/STM32H7xx_HAL_Driver/stm32h7xx_hal_rcc.o
 .debug_macro   0x000000000003c3b8      0x359 ./Drivers/STM32H7xx_HAL_Driver/stm32h7xx_hal_rcc_ex.o
 .debug_macro   0x000000000003c711      0x34a ./Drivers/STM32H7xx_HAL_Driver/stm32h7xx_hal_sai.o
 .debug_macro   0x000000000003ca5b      0x33b ./Drivers/STM32H7xx_HAL_Driver/stm32h7xx_hal_sdram.o
 .debug_macro   0x000000000003cd96      0x365 ./Drivers/STM32H7xx_HAL_Driver/stm32h7xx_ll_fmc.o
 .debug_macro   0x000000000003d0fb      0x33c ./Drivers/STM32H7xx_HAL_Driver/stm32h7xx_ll_sdmmc.o
 .debug_macro   0x000000000003d437      0x33b ./Drivers/STM32H7xx_HAL_Driver/stm32h7xx_ll_usb.o

.debug_line     0x0000000000000000    0x1c237
 .debug_line    0x0000000000000000      0xaf2 ./Common/Src/system_stm32h7xx_dualcore_boot_cm4_cm7.o
 .debug_line    0x0000000000000af2      0xd97 ./Core/Src/main.o
 .debug_line    0x0000000000001889      0xe39 ./Core/Src/stm32h7xx_hal_msp.o
 .debug_line    0x00000000000026c2      0xa31 ./Core/Src/stm32h7xx_it.o
 .debug_line    0x00000000000030f3       0x88 ./Core/Startup/startup_stm32h745xihx.o
 .debug_line    0x000000000000317b     0x10ae ./Drivers/STM32H7xx_HAL_Driver/stm32h7xx_hal.o
 .debug_line    0x0000000000004229      0xf5e ./Drivers/STM32H7xx_HAL_Driver/stm32h7xx_hal_cortex.o
 .debug_line    0x0000000000005187     0x1d73 ./Drivers/STM32H7xx_HAL_Driver/stm32h7xx_hal_eth.o
 .debug_line    0x0000000000006efa     0x2896 ./Drivers/STM32H7xx_HAL_Driver/stm32h7xx_hal_fdcan.o
 .debug_line    0x0000000000009790      0xe11 ./Drivers/STM32H7xx_HAL_Driver/stm32h7xx_hal_gpio.o
 .debug_line    0x000000000000a5a1      0xb0e ./Drivers/STM32H7xx_HAL_Driver/stm32h7xx_hal_hsem.o
 .debug_line    0x000000000000b0af     0x1999 ./Drivers/STM32H7xx_HAL_Driver/stm32h7xx_hal_ltdc.o
 .debug_line    0x000000000000ca48     0x268f ./Drivers/STM32H7xx_HAL_Driver/stm32h7xx_hal_mmc.o
 .debug_line    0x000000000000f0d7     0x162a ./Drivers/STM32H7xx_HAL_Driver/stm32h7xx_hal_pcd.o
 .debug_line    0x0000000000010701      0xb7a ./Drivers/STM32H7xx_HAL_Driver/stm32h7xx_hal_pcd_ex.o
 .debug_line    0x000000000001127b     0x1179 ./Drivers/STM32H7xx_HAL_Driver/stm32h7xx_hal_pwr_ex.o
 .debug_line    0x00000000000123f4     0x14b7 ./Drivers/STM32H7xx_HAL_Driver/stm32h7xx_hal_rcc.o
 .debug_line    0x00000000000138ab     0x1c7c ./Drivers/STM32H7xx_HAL_Driver/stm32h7xx_hal_rcc_ex.o
 .debug_line    0x0000000000015527     0x1fda ./Drivers/STM32H7xx_HAL_Driver/stm32h7xx_hal_sai.o
 .debug_line    0x0000000000017501     0x1089 ./Drivers/STM32H7xx_HAL_Driver/stm32h7xx_hal_sdram.o
 .debug_line    0x000000000001858a      0xd1e ./Drivers/STM32H7xx_HAL_Driver/stm32h7xx_ll_fmc.o
 .debug_line    0x00000000000192a8     0x1281 ./Drivers/STM32H7xx_HAL_Driver/stm32h7xx_ll_sdmmc.o
 .debug_line    0x000000000001a529     0x1d0e ./Drivers/STM32H7xx_HAL_Driver/stm32h7xx_ll_usb.o

.debug_str      0x0000000000000000   0x1919f7
 .debug_str     0x0000000000000000   0x186329 ./Common/Src/system_stm32h7xx_dualcore_boot_cm4_cm7.o
                                     0x18684c (size before relaxing)
 .debug_str     0x0000000000186329     0x27c2 ./Core/Src/main.o
                                     0x189117 (size before relaxing)
 .debug_str     0x0000000000188aeb      0x4a6 ./Core/Src/stm32h7xx_hal_msp.o
                                     0x189227 (size before relaxing)
 .debug_str     0x0000000000188f91       0xbd ./Core/Src/stm32h7xx_it.o
                                     0x186d4a (size before relaxing)
 .debug_str     0x000000000018904e       0x36 ./Core/Startup/startup_stm32h745xihx.o
                                         0x73 (size before relaxing)
 .debug_str     0x0000000000189084     0x11d6 ./Drivers/STM32H7xx_HAL_Driver/stm32h7xx_hal.o
                                     0x187aae (size before relaxing)
 .debug_str     0x000000000018a25a      0x3cd ./Drivers/STM32H7xx_HAL_Driver/stm32h7xx_hal_cortex.o
                                     0x187301 (size before relaxing)
 .debug_str     0x000000000018a627     0x1053 ./Drivers/STM32H7xx_HAL_Driver/stm32h7xx_hal_eth.o
                                     0x18815a (size before relaxing)
 .debug_str     0x000000000018b67a     0x1bbf ./Drivers/STM32H7xx_HAL_Driver/stm32h7xx_hal_fdcan.o
                                     0x1886ff (size before relaxing)
 .debug_str     0x000000000018d239      0x1ab ./Drivers/STM32H7xx_HAL_Driver/stm32h7xx_hal_gpio.o
                                     0x186ac5 (size before relaxing)
 .debug_str     0x000000000018d3e4      0x1f1 ./Drivers/STM32H7xx_HAL_Driver/stm32h7xx_hal_hsem.o
                                     0x186750 (size before relaxing)
 .debug_str     0x000000000018d5d5      0x4cf ./Drivers/STM32H7xx_HAL_Driver/stm32h7xx_hal_ltdc.o
                                     0x186cda (size before relaxing)
 .debug_str     0x000000000018daa4      0x96a ./Drivers/STM32H7xx_HAL_Driver/stm32h7xx_hal_mmc.o
                                     0x18728d (size before relaxing)
 .debug_str     0x000000000018e40e      0x58e ./Drivers/STM32H7xx_HAL_Driver/stm32h7xx_hal_pcd.o
                                     0x186eb2 (size before relaxing)
 .debug_str     0x000000000018e99c      0x1e4 ./Drivers/STM32H7xx_HAL_Driver/stm32h7xx_hal_pcd_ex.o
                                     0x186afd (size before relaxing)
 .debug_str     0x000000000018eb80      0x6de ./Drivers/STM32H7xx_HAL_Driver/stm32h7xx_hal_pwr_ex.o
                                     0x186ed5 (size before relaxing)
 .debug_str     0x000000000018f25e      0x54e ./Drivers/STM32H7xx_HAL_Driver/stm32h7xx_hal_rcc.o
                                     0x186dc6 (size before relaxing)
 .debug_str     0x000000000018f7ac      0x6af ./Drivers/STM32H7xx_HAL_Driver/stm32h7xx_hal_rcc_ex.o
                                     0x1872cc (size before relaxing)
 .debug_str     0x000000000018fe5b      0x46f ./Drivers/STM32H7xx_HAL_Driver/stm32h7xx_hal_sai.o
                                     0x186fde (size before relaxing)
 .debug_str     0x00000000001902ca      0x31e ./Drivers/STM32H7xx_HAL_Driver/stm32h7xx_hal_sdram.o
                                     0x186dcd (size before relaxing)
 .debug_str     0x00000000001905e8      0x85b ./Drivers/STM32H7xx_HAL_Driver/stm32h7xx_ll_fmc.o
                                     0x186fc1 (size before relaxing)
 .debug_str     0x0000000000190e43      0x4e0 ./Drivers/STM32H7xx_HAL_Driver/stm32h7xx_ll_sdmmc.o
                                     0x186bc6 (size before relaxing)
 .debug_str     0x0000000000191323      0x6d4 ./Drivers/STM32H7xx_HAL_Driver/stm32h7xx_ll_usb.o
                                     0x187036 (size before relaxing)

.comment        0x0000000000000000       0x53
 .comment       0x0000000000000000       0x53 ./Common/Src/system_stm32h7xx_dualcore_boot_cm4_cm7.o
                                         0x54 (size before relaxing)
 .comment       0x0000000000000053       0x54 ./Core/Src/main.o
 .comment       0x0000000000000053       0x54 ./Core/Src/stm32h7xx_hal_msp.o
 .comment       0x0000000000000053       0x54 ./Core/Src/stm32h7xx_it.o
 .comment       0x0000000000000053       0x54 ./Drivers/STM32H7xx_HAL_Driver/stm32h7xx_hal.o
 .comment       0x0000000000000053       0x54 ./Drivers/STM32H7xx_HAL_Driver/stm32h7xx_hal_cortex.o
 .comment       0x0000000000000053       0x54 ./Drivers/STM32H7xx_HAL_Driver/stm32h7xx_hal_eth.o
 .comment       0x0000000000000053       0x54 ./Drivers/STM32H7xx_HAL_Driver/stm32h7xx_hal_fdcan.o
 .comment       0x0000000000000053       0x54 ./Drivers/STM32H7xx_HAL_Driver/stm32h7xx_hal_gpio.o
 .comment       0x0000000000000053       0x54 ./Drivers/STM32H7xx_HAL_Driver/stm32h7xx_hal_hsem.o
 .comment       0x0000000000000053       0x54 ./Drivers/STM32H7xx_HAL_Driver/stm32h7xx_hal_ltdc.o
 .comment       0x0000000000000053       0x54 ./Drivers/STM32H7xx_HAL_Driver/stm32h7xx_hal_mmc.o
 .comment       0x0000000000000053       0x54 ./Drivers/STM32H7xx_HAL_Driver/stm32h7xx_hal_pcd.o
 .comment       0x0000000000000053       0x54 ./Drivers/STM32H7xx_HAL_Driver/stm32h7xx_hal_pcd_ex.o
 .comment       0x0000000000000053       0x54 ./Drivers/STM32H7xx_HAL_Driver/stm32h7xx_hal_pwr_ex.o
 .comment       0x0000000000000053       0x54 ./Drivers/STM32H7xx_HAL_Driver/stm32h7xx_hal_rcc.o
 .comment       0x0000000000000053       0x54 ./Drivers/STM32H7xx_HAL_Driver/stm32h7xx_hal_rcc_ex.o
 .comment       0x0000000000000053       0x54 ./Drivers/STM32H7xx_HAL_Driver/stm32h7xx_hal_sai.o
 .comment       0x0000000000000053       0x54 ./Drivers/STM32H7xx_HAL_Driver/stm32h7xx_hal_sdram.o
 .comment       0x0000000000000053       0x54 ./Drivers/STM32H7xx_HAL_Driver/stm32h7xx_ll_fmc.o
 .comment       0x0000000000000053       0x54 ./Drivers/STM32H7xx_HAL_Driver/stm32h7xx_ll_sdmmc.o
 .comment       0x0000000000000053       0x54 ./Drivers/STM32H7xx_HAL_Driver/stm32h7xx_ll_usb.o

.debug_frame    0x0000000000000000     0x6ac4
 .debug_frame   0x0000000000000000       0x58 ./Common/Src/system_stm32h7xx_dualcore_boot_cm4_cm7.o
 .debug_frame   0x0000000000000058      0x188 ./Core/Src/main.o
 .debug_frame   0x00000000000001e0      0x28c ./Core/Src/stm32h7xx_hal_msp.o
 .debug_frame   0x000000000000046c      0x104 ./Core/Src/stm32h7xx_it.o
 .debug_frame   0x0000000000000570      0x848 ./Drivers/STM32H7xx_HAL_Driver/stm32h7xx_hal.o
 .debug_frame   0x0000000000000db8      0x4b8 ./Drivers/STM32H7xx_HAL_Driver/stm32h7xx_hal_cortex.o
 .debug_frame   0x0000000000001270      0x7d0 ./Drivers/STM32H7xx_HAL_Driver/stm32h7xx_hal_eth.o
 .debug_frame   0x0000000000001a40      0xf9c ./Drivers/STM32H7xx_HAL_Driver/stm32h7xx_hal_fdcan.o
 .debug_frame   0x00000000000029dc      0x14c ./Drivers/STM32H7xx_HAL_Driver/stm32h7xx_hal_gpio.o
 .debug_frame   0x0000000000002b28      0x1bc ./Drivers/STM32H7xx_HAL_Driver/stm32h7xx_hal_hsem.o
 .debug_frame   0x0000000000002ce4      0x61c ./Drivers/STM32H7xx_HAL_Driver/stm32h7xx_hal_ltdc.o
 .debug_frame   0x0000000000003300      0x73c ./Drivers/STM32H7xx_HAL_Driver/stm32h7xx_hal_mmc.o
 .debug_frame   0x0000000000003a3c      0x598 ./Drivers/STM32H7xx_HAL_Driver/stm32h7xx_hal_pcd.o
 .debug_frame   0x0000000000003fd4      0x174 ./Drivers/STM32H7xx_HAL_Driver/stm32h7xx_hal_pcd_ex.o
 .debug_frame   0x0000000000004148      0x5ec ./Drivers/STM32H7xx_HAL_Driver/stm32h7xx_hal_pwr_ex.o
 .debug_frame   0x0000000000004734      0x1f8 ./Drivers/STM32H7xx_HAL_Driver/stm32h7xx_hal_rcc.o
 .debug_frame   0x000000000000492c      0x41c ./Drivers/STM32H7xx_HAL_Driver/stm32h7xx_hal_rcc_ex.o
 .debug_frame   0x0000000000004d48      0x69c ./Drivers/STM32H7xx_HAL_Driver/stm32h7xx_hal_sai.o
 .debug_frame   0x00000000000053e4      0x3f0 ./Drivers/STM32H7xx_HAL_Driver/stm32h7xx_hal_sdram.o
 .debug_frame   0x00000000000057d4      0x37c ./Drivers/STM32H7xx_HAL_Driver/stm32h7xx_ll_fmc.o
 .debug_frame   0x0000000000005b50      0x740 ./Drivers/STM32H7xx_HAL_Driver/stm32h7xx_ll_sdmmc.o
 .debug_frame   0x0000000000006290      0x7c0 ./Drivers/STM32H7xx_HAL_Driver/stm32h7xx_ll_usb.o
 .debug_frame   0x0000000000006a50       0x2c c:/st/stm32cubeide_1.7.0/stm32cubeide/plugins/com.st.stm32cube.ide.mcu.externaltools.gnu-tools-for-stm32.9-2020-q2-update.win32_2.0.0.202105311346/tools/bin/../lib/gcc/arm-none-eabi/9.3.1/../../../../arm-none-eabi/lib/thumb/v7e-m+fp/hard\libc_nano.a(lib_a-init.o)
 .debug_frame   0x0000000000006a7c       0x28 c:/st/stm32cubeide_1.7.0/stm32cubeide/plugins/com.st.stm32cube.ide.mcu.externaltools.gnu-tools-for-stm32.9-2020-q2-update.win32_2.0.0.202105311346/tools/bin/../lib/gcc/arm-none-eabi/9.3.1/../../../../arm-none-eabi/lib/thumb/v7e-m+fp/hard\libc_nano.a(lib_a-memcpy-stub.o)
 .debug_frame   0x0000000000006aa4       0x20 c:/st/stm32cubeide_1.7.0/stm32cubeide/plugins/com.st.stm32cube.ide.mcu.externaltools.gnu-tools-for-stm32.9-2020-q2-update.win32_2.0.0.202105311346/tools/bin/../lib/gcc/arm-none-eabi/9.3.1/../../../../arm-none-eabi/lib/thumb/v7e-m+fp/hard\libc_nano.a(lib_a-memset.o)
