stm32h7xx_hal_msp.c:64:6:HAL_MspInit	16	static
stm32h7xx_hal_msp.c:85:6:HAL_ETH_MspInit	80	static
stm32h7xx_hal_msp.c:187:6:HAL_ETH_MspDeInit	16	static
stm32h7xx_hal_msp.c:248:6:HAL_FDCAN_MspInit	240	static
stm32h7xx_hal_msp.c:334:6:HAL_FDCAN_MspDeInit	16	static
stm32h7xx_hal_msp.c:387:6:HAL_LTDC_MspInit	248	static
stm32h7xx_hal_msp.c:495:6:HAL_LTDC_MspDeInit	16	static
stm32h7xx_hal_msp.c:561:6:HAL_MMC_MspInit	240	static
stm32h7xx_hal_msp.c:632:6:HAL_MMC_MspDeInit	16	static
stm32h7xx_hal_msp.c:674:6:HAL_PCD_MspInit	232	static
stm32h7xx_hal_msp.c:728:6:HAL_PCD_MspDeInit	16	static
stm32h7xx_hal_msp.c:754:13:HAL_FMC_MspInit	224	static
stm32h7xx_hal_msp.c:863:6:HAL_SDRAM_MspInit	16	static
stm32h7xx_hal_msp.c:875:13:HAL_FMC_MspDeInit	8	static
stm32h7xx_hal_msp.c:947:6:HAL_SDRAM_MspDeInit	16	static
stm32h7xx_hal_msp.c:959:6:HAL_SAI_MspInit	232	static
stm32h7xx_hal_msp.c:1028:6:HAL_SAI_MspDeInit	16	static
